Component: ARM Compiler 5.06 update 7 (build 960) Tool: armlink [4d3601]

==============================================================================

Section Cross References

    main.o(i.UART0_IRQHandler) refers to main.o(.data) for temp
    main.o(i.UART0_IRQHandler) refers to tpm_pcm.o(.bss) for signal
    main.o(i.UART0_IRQHandler) refers to tpm_pcm.o(.constdata) for SAMPLES
    main.o(i.UART0_IRQHandler) refers to main.o(.bss) for command
    main.o(i.back_to_beginning) refers to lcd1602.o(i.LCD1602_SetCursor) for LCD1602_SetCursor
    main.o(i.back_to_beginning) refers to lcd1602.o(i.LCD1602_Print) for LCD1602_Print
    main.o(i.back_to_beginning) refers to tpm_pcm.o(.data) for speed
    main.o(i.clear_all) refers to lcd1602.o(i.LCD1602_SetCursor) for LCD1602_SetCursor
    main.o(i.clear_all) refers to lcd1602.o(i.LCD1602_Print) for LCD1602_Print
    main.o(i.clear_all) refers to main.o(i.clear_command) for clear_command
    main.o(i.clear_all) refers to main.o(.data) for i
    main.o(i.clear_all) refers to tpm_pcm.o(.bss) for signal
    main.o(i.clear_all) refers to tpm_pcm.o(.constdata) for SAMPLES
    main.o(i.clear_all) refers to tpm_pcm.o(.data) for speed
    main.o(i.clear_command) refers to main.o(.bss) for command
    main.o(i.main) refers to _printf_pad.o(.text) for _printf_pre_padding
    main.o(i.main) refers to _printf_percent.o(.ARM.Collect$$_printf_percent$$00000000) for _printf_percent
    main.o(i.main) refers to _printf_d.o(.ARM.Collect$$_printf_percent$$00000009) for _printf_d
    main.o(i.main) refers to _printf_dec.o(.text) for _printf_int_dec
    main.o(i.main) refers to lcd1602.o(i.LCD1602_Init) for LCD1602_Init
    main.o(i.main) refers to lcd1602.o(i.LCD1602_Backlight) for LCD1602_Backlight
    main.o(i.main) refers to lcd1602.o(i.LCD1602_SetCursor) for LCD1602_SetCursor
    main.o(i.main) refers to uart0.o(i.UART0_Init) for UART0_Init
    main.o(i.main) refers to tpm_pcm.o(i.TPM0_Init_PCM) for TPM0_Init_PCM
    main.o(i.main) refers to tsi.o(i.TSI_Init) for TSI_Init
    main.o(i.main) refers to noretval__2sprintf.o(.text) for __2sprintf
    main.o(i.main) refers to lcd1602.o(i.LCD1602_Print) for LCD1602_Print
    main.o(i.main) refers to main.o(i.non_zero_samples) for non_zero_samples
    main.o(i.main) refers to tsi.o(i.TSI_ReadSlider) for TSI_ReadSlider
    main.o(i.main) refers to main.o(i.stop) for stop
    main.o(i.main) refers to tpm_pcm.o(i.TPM0_PCM_Play) for TPM0_PCM_Play
    main.o(i.main) refers to aeabi_sdiv.o(.text) for __aeabi_idivmod
    main.o(i.main) refers to dflti.o(.text) for __aeabi_i2d
    main.o(i.main) refers to round.o(i.round) for round
    main.o(i.main) refers to dfixui.o(.text) for __aeabi_d2uiz
    main.o(i.main) refers to strcmp.o(.text) for strcmp
    main.o(i.main) refers to main.o(i.play) for play
    main.o(i.main) refers to main.o(i.back_to_beginning) for back_to_beginning
    main.o(i.main) refers to main.o(i.clear_all) for clear_all
    main.o(i.main) refers to tpm_pcm.o(.data) for speed
    main.o(i.main) refers to tpm_pcm.o(.bss) for signal
    main.o(i.main) refers to main.o(.data) for frequencies
    main.o(i.main) refers to main.o(.bss) for command
    main.o(i.non_zero_samples) refers to tpm_pcm.o(.bss) for signal
    main.o(i.non_zero_samples) refers to tpm_pcm.o(.constdata) for SAMPLES
    main.o(i.play) refers to lcd1602.o(i.LCD1602_SetCursor) for LCD1602_SetCursor
    main.o(i.play) refers to lcd1602.o(i.LCD1602_Print) for LCD1602_Print
    main.o(i.play) refers to tpm_pcm.o(i.TPM0_PCM_Play) for TPM0_PCM_Play
    main.o(i.stop) refers to lcd1602.o(i.LCD1602_SetCursor) for LCD1602_SetCursor
    main.o(i.stop) refers to lcd1602.o(i.LCD1602_Print) for LCD1602_Print
    main.o(i.stop) refers to tpm_pcm.o(.data) for playFlag
    i2c.o(i.I2C_Write) refers to i2c.o(i.i2c_enable) for i2c_enable
    i2c.o(i.I2C_Write) refers to i2c.o(i.i2c_tran) for i2c_tran
    i2c.o(i.I2C_Write) refers to i2c.o(i.i2c_m_start) for i2c_m_start
    i2c.o(i.I2C_Write) refers to i2c.o(i.i2c_send) for i2c_send
    i2c.o(i.I2C_Write) refers to i2c.o(i.i2c_wait) for i2c_wait
    i2c.o(i.I2C_Write) refers to i2c.o(i.i2c_m_stop) for i2c_m_stop
    i2c.o(i.I2C_Write) refers to i2c.o(i.i2c_disable) for i2c_disable
    i2c.o(i.I2C_Write) refers to i2c.o(.data) for error
    i2c.o(i.i2c_wait) refers to i2c.o(.data) for timeout
    lcd1602.o(i.LCD1602_Backlight) refers to lcd1602.o(i.PCF8574_Write) for PCF8574_Write
    lcd1602.o(i.LCD1602_Backlight) refers to lcd1602.o(.data) for lcd_backlight
    lcd1602.o(i.LCD1602_Blink_Off) refers to lcd1602.o(i.LCD1602_Write8) for LCD1602_Write8
    lcd1602.o(i.LCD1602_Blink_On) refers to lcd1602.o(i.LCD1602_Write8) for LCD1602_Write8
    lcd1602.o(i.LCD1602_CheckAddress) refers to i2c.o(i.I2C_Write) for I2C_Write
    lcd1602.o(i.LCD1602_CheckAddress) refers to lcd1602.o(.data) for pcf_address
    lcd1602.o(i.LCD1602_ClearAll) refers to lcd1602.o(i.LCD1602_Write8) for LCD1602_Write8
[...]
    lcd1602.o(i.LCD1602_Print) refers to lcd1602.o(i.LCD1602_Write8) for LCD1602_Write8
    lcd1602.o(i.LCD1602_PrintNum) refers to lcd1602.o(i.itoa) for itoa
    lcd1602.o(i.LCD1602_PrintNum) refers to lcd1602.o(i.LCD1602_Print) for LCD1602_Print
    lcd1602.o(i.LCD1602_SetCursor) refers to lcd1602.o(i.LCD1602_Write8) for LCD1602_Write8
    lcd1602.o(i.LCD1602_Write4) refers to lcd1602.o(i.PCF8574_Write) for PCF8574_Write
    lcd1602.o(i.LCD1602_Write8) refers to lcd1602.o(i.LCD1602_Write4) for LCD1602_Write4
    lcd1602.o(i.PCF8574_Write) refers to i2c.o(i.I2C_Write) for I2C_Write
    lcd1602.o(i.PCF8574_Write) refers to lcd1602.o(.data) for lcd_backlight
    lcd1602.o(i.itoa) refers to aeabi_sdiv.o(.text) for __aeabi_idivmod
    led.o(i.LED_Blink) refers to led.o(i.LED_Ctrl) for LED_Ctrl
    led.o(i.LED_Ctrl) refers to led.o(.data) for led
    led.o(i.LED_Init) refers to led.o(.data) for led
    led.o(i.LED_Welcome) refers to led.o(i.LED_Blink) for LED_Blink
    tpm_pcm.o(i.TPM0_IRQHandler) refers to tpm_pcm.o(.data) for playFlag
    tpm_pcm.o(i.TPM0_IRQHandler) refers to tpm_pcm.o(.constdata) for SIN
    tpm_pcm.o(i.TPM0_IRQHandler) refers to tpm_pcm.o(.bss) for signal
    tpm_pcm.o(i.TPM0_Init_PCM) refers to tpm_pcm.o(i.__NVIC_SetPriority) for __NVIC_SetPriority
    tpm_pcm.o(i.TPM0_PCM_Play) refers to tpm_pcm.o(.data) for sampleCNT
    tpm_pcm.o(i.TPM0_PCM_Play) refers to tpm_pcm.o(.bss) for signal
    tsi.o(i.TSI0_IRQHandler) refers to tsi.o(i.change_electrode) for change_electrode
    tsi.o(i.TSI0_IRQHandler) refers to tsi.o(.data) for end_flag
    tsi.o(i.TSI_Init) refers to tsi.o(i.__NVIC_SetPriority) for __NVIC_SetPriority
    tsi.o(i.TSI_Init) refers to tsi.o(i.self_calibration) for self_calibration
    tsi.o(i.TSI_ReadSlider) refers to aeabi_sdiv.o(.text) for __aeabi_idivmod
    tsi.o(i.TSI_ReadSlider) refers to tsi.o(.data) for end_flag
    tsi.o(i.change_electrode) refers to tsi.o(.data) for ongoing_elec
    tsi.o(i.self_calibration) refers to tsi.o(.data) for elec_array
    startup_mkl05z4.o(STACK) refers (Special) to heapauxi.o(.text) for __use_two_region_memory
    startup_mkl05z4.o(HEAP) refers (Special) to heapauxi.o(.text) for __use_two_region_memory
    startup_mkl05z4.o(RESET) refers (Special) to heapauxi.o(.text) for __use_two_region_memory
    startup_mkl05z4.o(RESET) refers to startup_mkl05z4.o(STACK) for __initial_sp
    startup_mkl05z4.o(RESET) refers to startup_mkl05z4.o(.text) for Reset_Handler
    startup_mkl05z4.o(RESET) refers to main.o(i.UART0_IRQHandler) for UART0_IRQHandler
    startup_mkl05z4.o(RESET) refers to tpm_pcm.o(i.TPM0_IRQHandler) for TPM0_IRQHandler
    startup_mkl05z4.o(RESET) refers to tsi.o(i.TSI0_IRQHandler) for TSI0_IRQHandler
    startup_mkl05z4.o(.ARM.__at_0x400) refers (Special) to heapauxi.o(.text) for __use_two_region_memory
    startup_mkl05z4.o(.text) refers (Special) to heapauxi.o(.text) for __use_two_region_memory
    startup_mkl05z4.o(.text) refers to system_mkl05z4.o(i.SystemInit) for SystemInit
    startup_mkl05z4.o(.text) refers to __main.o(!!!main) for __main
    startup_mkl05z4.o(.text) refers to startup_mkl05z4.o(HEAP) for Heap_Mem
    startup_mkl05z4.o(.text) refers to startup_mkl05z4.o(STACK) for Stack_Mem
    system_mkl05z4.o(i.SystemCoreClockUpdate) refers to aeabi_sdiv.o(.text) for __aeabi_uidivmod
    system_mkl05z4.o(i.SystemCoreClockUpdate) refers to system_mkl05z4.o(i.__ARM_common_switch8) for __ARM_common_switch8
    system_mkl05z4.o(i.SystemCoreClockUpdate) refers to system_mkl05z4.o(.data) for SystemCoreClock
    __2sprintf.o(.text) refers to _printf_char_common.o(.text) for _printf_char_common
    __2sprintf.o(.text) refers to _sputc.o(.text) for _sputc
    noretval__2sprintf.o(.text) refers to _printf_char_common.o(.text) for _printf_char_common
    noretval__2sprintf.o(.text) refers to _sputc.o(.text) for _sputc
    __printf.o(.text) refers to _printf_percent.o(.ARM.Collect$$_printf_percent$$00000000) for _printf_percent
    _printf_dec.o(.text) refers to rtudiv10.o(.text) for __rt_udiv10
    _printf_dec.o(.text) refers to _printf_intcommon.o(.text) for _printf_int_common
    __printf_flags.o(.text) refers to _printf_percent.o(.ARM.Collect$$_printf_percent$$00000000) for _printf_percent
    __printf_flags.o(.text) refers to __printf_flags.o(.constdata) for .constdata
    __printf_ss.o(.text) refers to _printf_percent.o(.ARM.Collect$$_printf_percent$$00000000) for _printf_percent
    __printf_flags_ss.o(.text) refers to _printf_percent.o(.ARM.Collect$$_printf_percent$$00000000) for _printf_percent
    __printf_flags_ss.o(.text) refers to __printf_flags_ss.o(.constdata) for .constdata
    __printf_wp.o(.text) refers to __printf_wp.o(i._is_digit) for _is_digit
    __printf_wp.o(.text) refers to _printf_percent.o(.ARM.Collect$$_printf_percent$$00000000) for _printf_percent
    __printf_flags_wp.o(.text) refers to __printf_wp.o(i._is_digit) for _is_digit
    __printf_flags_wp.o(.text) refers to _printf_percent.o(.ARM.Collect$$_printf_percent$$00000000) for _printf_percent
    __printf_flags_wp.o(.text) refers to __printf_flags_wp.o(.constdata) for .constdata
    __printf_ss_wp.o(.text) refers to __printf_wp.o(i._is_digit) for _is_digit
    __printf_ss_wp.o(.text) refers to _printf_percent.o(.ARM.Collect$$_printf_percent$$00000000) for _printf_percent
    __printf_flags_ss_wp.o(.text) refers to __printf_wp.o(i._is_digit) for _is_digit
    __printf_flags_ss_wp.o(.text) refers to _printf_percent.o(.ARM.Collect$$_printf_percent$$00000000) for _printf_percent
    __printf_flags_ss_wp.o(.text) refers to __printf_flags_ss_wp.o(.constdata) for .constdata
    _printf_d.o(.ARM.Collect$$_printf_percent$$00000009) refers (Weak) to _printf_dec.o(.text) for _printf_int_dec
    _printf_percent.o(.ARM.Collect$$_printf_percent$$00000000) refers (Special) to _printf_percent_end.o(.ARM.Collect$$_printf_percent$$00000017) for _printf_percent_end
    __main.o(!!!main) refers to __rtentry.o(.ARM.Collect$$rtentry$$00000000) for __rt_entry
    dfixui.o(.text) refers (Special) to usenofp.o(x$fpl$usenofp) for __I$use$fp
    dflti.o(.text) refers (Special) to usenofp.o(x$fpl$usenofp) for __I$use$fp
    round.o(i.round) refers (Special) to usenofp.o(x$fpl$usenofp) for __I$use$fp
    round.o(i.round) refers to drnd.o(.text) for _drnd
    round.o(i.round) refers to daddsub.o(.text) for __aeabi_dsub
    round.o(i.round) refers to dlef.o(x$fpl$dleqf) for __aeabi_cdcmple
    round.o(i.round) refers to drlef.o(x$fpl$drleqf) for __aeabi_cdrcmple
    __rtentry.o(.ARM.Collect$$rtentry$$00000000) refers (Special) to __rtentry2.o(.ARM.Collect$$rtentry$$0000000A) for __rt_entry_li
    __rtentry.o(.ARM.Collect$$rtentry$$00000000) refers (Special) to __rtentry2.o(.ARM.Collect$$rtentry$$0000000D) for __rt_entry_main
    __rtentry.o(.ARM.Collect$$rtentry$$00000000) refers (Special) to __rtentry2.o(.ARM.Collect$$rtentry$$0000000C) for __rt_entry_postli_1
    __rtentry.o(.ARM.Collect$$rtentry$$00000000) refers (Special) to __rtentry2.o(.ARM.Collect$$rtentry$$00000009) for __rt_entry_postsh_1
    __rtentry.o(.ARM.Collect$$rtentry$$00000000) refers (Special) to __rtentry2.o(.ARM.Collect$$rtentry$$00000002) for __rt_entry_presh_1
    __rtentry.o(.ARM.Collect$$rtentry$$00000000) refers (Special) to __rtentry4.o(.ARM.Collect$$rtentry$$00000004) for __rt_entry_sh
    aeabi_idiv0_sigfpe.o(.text) refers to rt_div0.o(.text) for __rt_div0
    _printf_intcommon.o(.text) refers (Weak) to _printf_pad.o(.text) for _printf_pre_padding
    _printf_intcommon.o(.text) refers (Weak) to _printf_pad.o(.text) for _printf_pre_padding
    _printf_intcommon.o(.text) refers (Weak) to _printf_pad.o(.text) for _printf_post_padding
    _printf_char_common.o(.text) refers to __printf_wp.o(.text) for __printf
    daddsub.o(.text) refers (Special) to usenofp.o(x$fpl$usenofp) for __I$use$fp
    dlef.o(x$fpl$dleqf) refers (Special) to usenofp.o(x$fpl$usenofp) for __I$use$fp
    dlef.o(x$fpl$dleqf) refers to dcmpin.o(.text) for __fpl_dcmp_InfNaN
    drlef.o(x$fpl$drleqf) refers (Special) to usenofp.o(x$fpl$usenofp) for __I$use$fp
    drlef.o(x$fpl$drleqf) refers to dcmpin.o(.text) for __fpl_dcmp_InfNaN
    drnd.o(.text) refers (Special) to usenofp.o(x$fpl$usenofp) for __I$use$fp
    __rtentry2.o(.ARM.Collect$$rtentry$$00000008) refers to boardinit2.o(.text) for _platform_post_stackheap_init
    __rtentry2.o(.ARM.Collect$$rtentry$$0000000A) refers to libinit.o(.ARM.Collect$$libinit$$00000000) for __rt_lib_init
    __rtentry2.o(.ARM.Collect$$rtentry$$0000000B) refers to boardinit3.o(.text) for _platform_post_lib_init
    __rtentry2.o(.ARM.Collect$$rtentry$$0000000D) refers to main.o(i.main) for main
    __rtentry2.o(.ARM.Collect$$rtentry$$0000000D) refers to exit.o(.text) for exit
    __rtentry2.o(.ARM.exidx) refers to __rtentry2.o(.ARM.Collect$$rtentry$$00000001) for .ARM.Collect$$rtentry$$00000001
    __rtentry2.o(.ARM.exidx) refers to __rtentry2.o(.ARM.Collect$$rtentry$$00000008) for .ARM.Collect$$rtentry$$00000008
    __rtentry2.o(.ARM.exidx) refers to __rtentry2.o(.ARM.Collect$$rtentry$$0000000A) for .ARM.Collect$$rtentry$$0000000A
    __rtentry2.o(.ARM.exidx) refers to __rtentry2.o(.ARM.Collect$$rtentry$$0000000B) for .ARM.Collect$$rtentry$$0000000B
    __rtentry2.o(.ARM.exidx) refers to __rtentry2.o(.ARM.Collect$$rtentry$$0000000D) for .ARM.Collect$$rtentry$$0000000D
    __rtentry4.o(.ARM.Collect$$rtentry$$00000004) refers to sys_stackheap_outer.o(.text) for __user_setup_stackheap
    __rtentry4.o(.ARM.exidx) refers to __rtentry4.o(.ARM.Collect$$rtentry$$00000004) for .ARM.Collect$$rtentry$$00000004
    rt_div0.o(.text) refers to defsig_fpe_outer.o(.text) for __rt_SIGFPE
    dcmpin.o(.text) refers (Special) to usenofp.o(x$fpl$usenofp) for __I$use$fp
    dcmpin.o(.text) refers to cmpret.o(.text) for __fpl_cmpreturn
    dcmpin.o(.text) refers to dnan2.o(.text) for __fpl_dcheck_NaN2
    sys_stackheap_outer.o(.text) refers to libspace.o(.text) for __user_perproc_libspace
    sys_stackheap_outer.o(.text) refers to startup_mkl05z4.o(.text) for __user_initial_stackheap
    sys_stackheap_outer.o(__vectab_stack_and_reset_area) refers to tempstk.o(.text) for __temporary_stack_top
    sys_stackheap_outer.o(__vectab_stack_and_reset_area) refers to __main.o(!!!main) for __main
    exit.o(.text) refers to rtexit.o(.ARM.Collect$$rtexit$$00000000) for __rt_exit
    defsig_fpe_outer.o(.text) refers to defsig_fpe_inner.o(.text) for __rt_SIGFPE_inner
    defsig_fpe_outer.o(.text) refers to defsig_exit.o(.text) for __sig_exit
    defsig_fpe_formal.o(.text) refers to rt_raise.o(.text) for __rt_raise
    libinit.o(.ARM.Collect$$libinit$$00000000) refers (Special) to libinit2.o(.ARM.Collect$$libinit$$0000002E) for __rt_lib_init_alloca_1
    libinit.o(.ARM.Collect$$libinit$$00000000) refers (Special) to libinit2.o(.ARM.Collect$$libinit$$0000002C) for __rt_lib_init_argv_1
    libinit.o(.ARM.Collect$$libinit$$00000000) refers (Special) to libinit2.o(.ARM.Collect$$libinit$$0000001B) for __rt_lib_init_atexit_1
    libinit.o(.ARM.Collect$$libinit$$00000000) refers (Special) to libinit2.o(.ARM.Collect$$libinit$$00000021) for __rt_lib_init_clock_1
    libinit.o(.ARM.Collect$$libinit$$00000000) refers (Special) to libinit2.o(.ARM.Collect$$libinit$$00000032) for __rt_lib_init_cpp_1
    libinit.o(.ARM.Collect$$libinit$$00000000) refers (Special) to libinit2.o(.ARM.Collect$$libinit$$00000030) for __rt_lib_init_exceptions_1
    libinit.o(.ARM.Collect$$libinit$$00000000) refers (Special) to libinit2.o(.ARM.Collect$$libinit$$00000002) for __rt_lib_init_fp_1
    libinit.o(.ARM.Collect$$libinit$$00000000) refers (Special) to libinit2.o(.ARM.Collect$$libinit$$0000001F) for __rt_lib_init_fp_trap_1
    libinit.o(.ARM.Collect$$libinit$$00000000) refers (Special) to libinit2.o(.ARM.Collect$$libinit$$00000023) for __rt_lib_init_getenv_1
    libinit.o(.ARM.Collect$$libinit$$00000000) refers (Special) to libinit2.o(.ARM.Collect$$libinit$$0000000A) for __rt_lib_init_heap_1
    libinit.o(.ARM.Collect$$libinit$$00000000) refers (Special) to libinit2.o(.ARM.Collect$$libinit$$00000011) for __rt_lib_init_lc_collate_1
    libinit.o(.ARM.Collect$$libinit$$00000000) refers (Special) to libinit2.o(.ARM.Collect$$libinit$$00000013) for __rt_lib_init_lc_ctype_1
    libinit.o(.ARM.Collect$$libinit$$00000000) refers (Special) to libinit2.o(.ARM.Collect$$libinit$$00000015) for __rt_lib_init_lc_monetary_1
    libinit.o(.ARM.Collect$$libinit$$00000000) refers (Special) to libinit2.o(.ARM.Collect$$libinit$$00000017) for __rt_lib_init_lc_numeric_1
    libinit.o(.ARM.Collect$$libinit$$00000000) refers (Special) to libinit2.o(.ARM.Collect$$libinit$$00000019) for __rt_lib_init_lc_time_1
    libinit.o(.ARM.Collect$$libinit$$00000000) refers (Special) to libinit2.o(.ARM.Collect$$libinit$$00000004) for __rt_lib_init_preinit_1
    libinit.o(.ARM.Collect$$libinit$$00000000) refers (Special) to libinit2.o(.ARM.Collect$$libinit$$0000000E) for __rt_lib_init_rand_1
    libinit.o(.ARM.Collect$$libinit$$00000000) refers (Special) to libinit2.o(.ARM.Collect$$libinit$$00000033) for __rt_lib_init_return
    libinit.o(.ARM.Collect$$libinit$$00000000) refers (Special) to libinit2.o(.ARM.Collect$$libinit$$0000001D) for __rt_lib_init_signal_1
    libinit.o(.ARM.Collect$$libinit$$00000000) refers (Special) to libinit2.o(.ARM.Collect$$libinit$$00000025) for __rt_lib_init_stdio_1
    libinit.o(.ARM.Collect$$libinit$$00000000) refers (Special) to libinit2.o(.ARM.Collect$$libinit$$0000000C) for __rt_lib_init_user_alloc_1
    cmpret.o(.text) refers (Special) to usenofp.o(x$fpl$usenofp) for __I$use$fp
    dnan2.o(.text) refers (Special) to usenofp.o(x$fpl$usenofp) for __I$use$fp
    dnan2.o(.text) refers to retnan.o(.text) for __fpl_return_NaN
    libspace.o(.text) refers to libspace.o(.bss) for __libspace_start
    rtexit.o(.ARM.Collect$$rtexit$$00000000) refers (Special) to rtexit2.o(.ARM.Collect$$rtexit$$00000004) for __rt_exit_exit
    rtexit.o(.ARM.Collect$$rtexit$$00000000) refers (Special) to rtexit2.o(.ARM.Collect$$rtexit$$00000003) for __rt_exit_ls
    rtexit.o(.ARM.Collect$$rtexit$$00000000) refers (Special) to rtexit2.o(.ARM.Collect$$rtexit$$00000002) for __rt_exit_prels_1
    rtexit.o(.ARM.exidx) refers (Special) to rtexit2.o(.ARM.Collect$$rtexit$$00000004) for __rt_exit_exit
    rtexit.o(.ARM.exidx) refers (Special) to rtexit2.o(.ARM.Collect$$rtexit$$00000003) for __rt_exit_ls
    rtexit.o(.ARM.exidx) refers (Special) to rtexit2.o(.ARM.Collect$$rtexit$$00000002) for __rt_exit_prels_1
    rtexit.o(.ARM.exidx) refers to rtexit.o(.ARM.Collect$$rtexit$$00000000) for .ARM.Collect$$rtexit$$00000000
    rt_raise.o(.text) refers to __raise.o(.text) for __raise
    rt_raise.o(.text) refers to sys_exit.o(.text) for _sys_exit
    defsig_exit.o(.text) refers to sys_exit.o(.text) for _sys_exit
    defsig_fpe_inner.o(.text) refers to defsig_general.o(.text) for __default_signal_display
    libinit2.o(.ARM.Collect$$libinit$$00000010) refers to libinit2.o(.ARM.Collect$$libinit$$0000000F) for .ARM.Collect$$libinit$$0000000F
    libinit2.o(.ARM.Collect$$libinit$$00000012) refers to libinit2.o(.ARM.Collect$$libinit$$0000000F) for .ARM.Collect$$libinit$$0000000F
    libinit2.o(.ARM.Collect$$libinit$$00000014) refers to libinit2.o(.ARM.Collect$$libinit$$0000000F) for .ARM.Collect$$libinit$$0000000F
    libinit2.o(.ARM.Collect$$libinit$$00000016) refers to libinit2.o(.ARM.Collect$$libinit$$0000000F) for .ARM.Collect$$libinit$$0000000F
    libinit2.o(.ARM.Collect$$libinit$$00000018) refers to libinit2.o(.ARM.Collect$$libinit$$0000000F) for .ARM.Collect$$libinit$$0000000F
    libinit2.o(.ARM.Collect$$libinit$$00000026) refers to argv_veneer.o(.text) for __ARM_argv_veneer
    libinit2.o(.ARM.Collect$$libinit$$00000027) refers to argv_veneer.o(.text) for __ARM_argv_veneer
    retnan.o(.text) refers (Special) to usenofp.o(x$fpl$usenofp) for __I$use$fp
    retnan.o(.text) refers to cmpret.o(.text) for __fpl_cmpreturn
    sys_exit.o(.text) refers (Special) to use_no_semi.o(.text) for __I$use$semihosting
    sys_exit.o(.text) refers (Special) to indicate_semi.o(.text) for __semihosting_library_function
    rtexit2.o(.ARM.Collect$$rtexit$$00000003) refers to libshutdown.o(.ARM.Collect$$libshutdown$$00000000) for __rt_lib_shutdown
    rtexit2.o(.ARM.Collect$$rtexit$$00000004) refers to sys_exit.o(.text) for _sys_exit
    rtexit2.o(.ARM.exidx) refers to rtexit2.o(.ARM.Collect$$rtexit$$00000001) for .ARM.Collect$$rtexit$$00000001
    rtexit2.o(.ARM.exidx) refers to rtexit2.o(.ARM.Collect$$rtexit$$00000003) for .ARM.Collect$$rtexit$$00000003
    rtexit2.o(.ARM.exidx) refers to rtexit2.o(.ARM.Collect$$rtexit$$00000004) for .ARM.Collect$$rtexit$$00000004
    __raise.o(.text) refers to defsig.o(CL$$defsig) for __default_signal_handler
    defsig_general.o(.text) refers to sys_wrch.o(.text) for _ttywrch
    sys_wrch.o(.text) refers (Special) to use_no_semi.o(.text) for __I$use$semihosting
    sys_wrch.o(.text) refers (Special) to indicate_semi.o(.text) for __semihosting_library_function
    defsig.o(CL$$defsig) refers to defsig_fpe_inner.o(.text) for __rt_SIGFPE_inner
    defsig.o(CL$$defsig) refers to defsig_rtmem_inner.o(.text) for __rt_SIGRTMEM_inner
    _get_argv_nomalloc.o(.text) refers (Special) to hrguard.o(.text) for __heap_region$guard
    _get_argv_nomalloc.o(.text) refers to defsig_rtmem_outer.o(.text) for __rt_SIGRTMEM
    _get_argv_nomalloc.o(.text) refers to sys_command.o(.text) for _sys_command_string
    libshutdown.o(.ARM.Collect$$libshutdown$$00000000) refers (Special) to libshutdown2.o(.ARM.Collect$$libshutdown$$00000004) for __rt_lib_shutdown_cpp_1
    libshutdown.o(.ARM.Collect$$libshutdown$$00000000) refers (Special) to libshutdown2.o(.ARM.Collect$$libshutdown$$00000002) for __rt_lib_shutdown_fini_1
    libshutdown.o(.ARM.Collect$$libshutdown$$00000000) refers (Special) to libshutdown2.o(.ARM.Collect$$libshutdown$$00000009) for __rt_lib_shutdown_fp_trap_1
    libshutdown.o(.ARM.Collect$$libshutdown$$00000000) refers (Special) to libshutdown2.o(.ARM.Collect$$libshutdown$$00000011) for __rt_lib_shutdown_heap_1
    libshutdown.o(.ARM.Collect$$libshutdown$$00000000) refers (Special) to libshutdown2.o(.ARM.Collect$$libshutdown$$00000012) for __rt_lib_shutdown_return
    libshutdown.o(.ARM.Collect$$libshutdown$$00000000) refers (Special) to libshutdown2.o(.ARM.Collect$$libshutdown$$0000000C) for __rt_lib_shutdown_signal_1
    libshutdown.o(.ARM.Collect$$libshutdown$$00000000) refers (Special) to libshutdown2.o(.ARM.Collect$$libshutdown$$00000006) for __rt_lib_shutdown_stdio_1
    libshutdown.o(.ARM.Collect$$libshutdown$$00000000) refers (Special) to libshutdown2.o(.ARM.Collect$$libshutdown$$0000000E) for __rt_lib_shutdown_user_alloc_1
    sys_command.o(.text) refers (Special) to use_no_semi.o(.text) for __I$use$semihosting
    sys_command.o(.text) refers (Special) to indicate_semi.o(.text) for __semihosting_library_function
    defsig_abrt_inner.o(.text) refers to defsig_general.o(.text) for __default_signal_display
    defsig_rtred_inner.o(.text) refers to defsig_general.o(.text) for __default_signal_display
    defsig_rtmem_inner.o(.text) refers to defsig_general.o(.text) for __default_signal_display
    defsig_rtmem_outer.o(.text) refers to defsig_rtmem_inner.o(.text) for __rt_SIGRTMEM_inner
    defsig_rtmem_outer.o(.text) refers to defsig_exit.o(.text) for __sig_exit
    defsig_rtmem_formal.o(.text) refers to rt_raise.o(.text) for __rt_raise
    defsig_stak_inner.o(.text) refers to defsig_general.o(.text) for __default_signal_display
    defsig_pvfn_inner.o(.text) refers to defsig_general.o(.text) for __default_signal_display
    defsig_cppl_inner.o(.text) refers to defsig_general.o(.text) for __default_signal_display
    defsig_segv_inner.o(.text) refers to defsig_general.o(.text) for __default_signal_display
    defsig_other.o(.text) refers to defsig_general.o(.text) for __default_signal_display


==============================================================================

Removing Unused input sections from the image.

    Removing main.o(.rev16_text), (4 bytes).
    Removing main.o(.revsh_text), (4 bytes).
    Removing i2c.o(.rev16_text), (4 bytes).
    Removing i2c.o(.revsh_text), (4 bytes).
    Removing i2c.o(i.i2c_m_rstart), (20 bytes).
    Removing lcd1602.o(.rev16_text), (4 bytes).
    Removing lcd1602.o(.revsh_text), (4 bytes).
    Removing lcd1602.o(i.LCD1602_Blink_Off), (12 bytes).
    Removing lcd1602.o(i.LCD1602_Blink_On), (12 bytes).
    Removing lcd1602.o(i.LCD1602_ClearAll), (12 bytes).
    Removing lcd1602.o(i.LCD1602_PrintNum), (40 bytes).
    Removing lcd1602.o(i.itoa), (108 bytes).
    Removing led.o(.rev16_text), (4 bytes).
    Removing led.o(.revsh_text), (4 bytes).
    Removing led.o(i.LED_Blink), (60 bytes).
    Removing led.o(i.LED_Ctrl), (120 bytes).
    Removing led.o(i.LED_Init), (120 bytes).
    Removing led.o(i.LED_Welcome), (22 bytes).
    Removing led.o(.data), (48 bytes).
    Removing uart0.o(.rev16_text), (4 bytes).
    Removing uart0.o(.revsh_text), (4 bytes).
    Removing tpm_pcm.o(.rev16_text), (4 bytes).
    Removing tpm_pcm.o(.revsh_text), (4 bytes).
    Removing tsi.o(.rev16_text), (4 bytes).
    Removing tsi.o(.revsh_text), (4 bytes).
    Removing system_mkl05z4.o(.rev16_text), (4 bytes).
    Removing system_mkl05z4.o(.revsh_text), (4 bytes).
    Removing system_mkl05z4.o(i.SystemCoreClockUpdate), (280 bytes).
    Removing system_mkl05z4.o(.data), (4 bytes).
    Removing system_mkl05z4.o(i.__ARM_common_switch8), (28 bytes).

30 unused section(s) (total 950 bytes) removed from the image.

==============================================================================

Image Symbol Table

    Local Symbols

    Symbol Name                              Value     Ov Type        Size  Object(Section)

    RESET                                    0x00000000   Section      192  startup_mkl05z4.o(RESET)
    ../clib/angel/boardlib.s                 0x00000000   Number         0  boardinit3.o ABSOLUTE
    ../clib/angel/boardlib.s                 0x00000000   Number         0  boardinit1.o ABSOLUTE
    ../clib/angel/boardlib.s                 0x00000000   Number         0  boardinit2.o ABSOLUTE
    ../clib/angel/boardlib.s                 0x00000000   Number         0  boardshut.o ABSOLUTE
    ../clib/angel/handlers.s                 0x00000000   Number         0  __scatter_zi.o ABSOLUTE
    ../clib/angel/handlers.s                 0x00000000   Number         0  __scatter_copy.o ABSOLUTE
    ../clib/angel/kernel.s                   0x00000000   Number         0  rtexit.o ABSOLUTE
    ../clib/angel/kernel.s                   0x00000000   Number         0  __rtentry2.o ABSOLUTE
    ../clib/angel/kernel.s                   0x00000000   Number         0  __rtentry4.o ABSOLUTE
    ../clib/angel/kernel.s                   0x00000000   Number         0  rtexit2.o ABSOLUTE
    ../clib/angel/kernel.s                   0x00000000   Number         0  __rtentry.o ABSOLUTE
    ../clib/angel/rt.s                       0x00000000   Number         0  rt_div0.o ABSOLUTE
    ../clib/angel/rt.s                       0x00000000   Number         0  rt_raise.o ABSOLUTE
    ../clib/angel/rt.s                       0x00000000   Number         0  aeabi_idiv0.o ABSOLUTE
    ../clib/angel/rt.s                       0x00000000   Number         0  aeabi_idiv0_sigfpe.o ABSOLUTE
    ../clib/angel/scatterp.s                 0x00000000   Number         0  __scatter.o ABSOLUTE
    ../clib/angel/startup.s                  0x00000000   Number         0  __main.o ABSOLUTE
    ../clib/angel/sys.s                      0x00000000   Number         0  tempstk.o ABSOLUTE
    ../clib/angel/sys.s                      0x00000000   Number         0  sys_stackheap_outer.o ABSOLUTE
    ../clib/angel/sys.s                      0x00000000   Number         0  indicate_semi.o ABSOLUTE
    ../clib/angel/sys.s                      0x00000000   Number         0  use_no_semi.o ABSOLUTE
    ../clib/angel/sys.s                      0x00000000   Number         0  libspace.o ABSOLUTE
    ../clib/angel/sysapp.c                   0x00000000   Number         0  sys_wrch.o ABSOLUTE
    ../clib/angel/sysapp.c                   0x00000000   Number         0  sys_exit.o ABSOLUTE
    ../clib/angel/sysapp.c                   0x00000000   Number         0  sys_command.o ABSOLUTE
    ../clib/armsys.c                         0x00000000   Number         0  no_argv.o ABSOLUTE
    ../clib/armsys.c                         0x00000000   Number         0  argv_veneer.o ABSOLUTE
    ../clib/armsys.c                         0x00000000   Number         0  _get_argv_nomalloc.o ABSOLUTE
    ../clib/division.c                       0x00000000   Number         0  rtudiv10.o ABSOLUTE
    ../clib/division.s                       0x00000000   Number         0  aeabi_sdiv_div0.o ABSOLUTE
    ../clib/division.s                       0x00000000   Number         0  aeabi_sdiv.o ABSOLUTE
    ../clib/heapalloc.c                      0x00000000   Number         0  hrguard.o ABSOLUTE
    ../clib/heapaux.c                        0x00000000   Number         0  heapauxi.o ABSOLUTE
    ../clib/libinit.s                        0x00000000   Number         0  libshutdown.o ABSOLUTE
    ../clib/libinit.s                        0x00000000   Number         0  libshutdown2.o ABSOLUTE
    ../clib/libinit.s                        0x00000000   Number         0  libinit.o ABSOLUTE
    ../clib/libinit.s                        0x00000000   Number         0  libinit2.o ABSOLUTE
    ../clib/misc.s                           0x00000000   Number         0  printf_stubs.o ABSOLUTE
    ../clib/printf.c                         0x00000000   Number         0  _printf_pad.o ABSOLUTE
    ../clib/printf.c                         0x00000000   Number         0  _printf_char_common.o ABSOLUTE
    ../clib/printf.c                         0x00000000   Number         0  _sputc.o ABSOLUTE
    ../clib/printf.c                         0x00000000   Number         0  _printf_intcommon.o ABSOLUTE
    ../clib/printf.c                         0x00000000   Number         0  __printf_wp.o ABSOLUTE
    ../clib/printf.c                         0x00000000   Number         0  _printf_dec.o ABSOLUTE
    ../clib/printf.c                         0x00000000   Number         0  __printf_flags.o ABSOLUTE
    ../clib/printf.c                         0x00000000   Number         0  __printf_ss.o ABSOLUTE
    ../clib/printf.c                         0x00000000   Number         0  __printf_flags_ss.o ABSOLUTE
    ../clib/printf.c                         0x00000000   Number         0  __printf_nopercent.o ABSOLUTE
    ../clib/printf.c                         0x00000000   Number         0  __2sprintf.o ABSOLUTE
    ../clib/printf.c                         0x00000000   Number         0  __printf_ss_wp.o ABSOLUTE
    ../clib/printf.c                         0x00000000   Number         0  __printf_flags_ss_wp.o ABSOLUTE
    ../clib/printf.c                         0x00000000   Number         0  noretval__2sprintf.o ABSOLUTE
    ../clib/printf.c                         0x00000000   Number         0  __printf.o ABSOLUTE
    ../clib/printf.c                         0x00000000   Number         0  __printf_flags_wp.o ABSOLUTE
    ../clib/printf_percent.s                 0x00000000   Number         0  _printf_percent_end.o ABSOLUTE
    ../clib/printf_percent.s                 0x00000000   Number         0  _printf_d.o ABSOLUTE
    ../clib/printf_percent.s                 0x00000000   Number         0  _printf_percent.o ABSOLUTE
    ../clib/signal.c                         0x00000000   Number         0  defsig_fpe_inner.o ABSOLUTE
    ../clib/signal.c                         0x00000000   Number         0  defsig_fpe_formal.o ABSOLUTE
    ../clib/signal.c                         0x00000000   Number         0  defsig_exit.o ABSOLUTE
    ../clib/signal.c                         0x00000000   Number         0  defsig_other.o ABSOLUTE
    ../clib/signal.c                         0x00000000   Number         0  defsig_segv_inner.o ABSOLUTE
    ../clib/signal.c                         0x00000000   Number         0  defsig_cppl_inner.o ABSOLUTE
    ../clib/signal.c                         0x00000000   Number         0  defsig_pvfn_inner.o ABSOLUTE
    ../clib/signal.c                         0x00000000   Number         0  defsig_stak_inner.o ABSOLUTE
    ../clib/signal.c                         0x00000000   Number         0  defsig_rtmem_formal.o ABSOLUTE
    ../clib/signal.c                         0x00000000   Number         0  defsig_rtmem_outer.o ABSOLUTE
    ../clib/signal.c                         0x00000000   Number         0  defsig_rtmem_inner.o ABSOLUTE
    ../clib/signal.c                         0x00000000   Number         0  defsig_rtred_inner.o ABSOLUTE
    ../clib/signal.c                         0x00000000   Number         0  defsig_abrt_inner.o ABSOLUTE
    ../clib/signal.c                         0x00000000   Number         0  defsig_fpe_outer.o ABSOLUTE
    ../clib/signal.c                         0x00000000   Number         0  defsig_general.o ABSOLUTE
    ../clib/signal.c                         0x00000000   Number         0  __raise.o ABSOLUTE
    ../clib/signal.s                         0x00000000   Number         0  defsig.o ABSOLUTE
    ../clib/stdlib.c                         0x00000000   Number         0  exit.o ABSOLUTE
    ../clib/string.c                         0x00000000   Number         0  strcmp.o ABSOLUTE
    ../fplib/cfplib/cmpret.c                 0x00000000   Number         0  cmpret.o ABSOLUTE
    ../fplib/cfplib/daddsub.c                0x00000000   Number         0  daddsub.o ABSOLUTE
    ../fplib/cfplib/dcmpin.c                 0x00000000   Number         0  dcmpin.o ABSOLUTE
    ../fplib/cfplib/drnd.c                   0x00000000   Number         0  drnd.o ABSOLUTE
    ../fplib/cfplib/ffix.c                   0x00000000   Number         0  dfixui.o ABSOLUTE
    ../fplib/cfplib/fflt.c                   0x00000000   Number         0  dflti.o ABSOLUTE
    ../fplib/cfplib/fpinit.c                 0x00000000   Number         0  fpinit.o ABSOLUTE
    ../fplib/cfplib/nan2.c                   0x00000000   Number         0  dnan2.o ABSOLUTE
    ../fplib/cfplib/retnan.c                 0x00000000   Number         0  retnan.o ABSOLUTE
    ../fplib/dleqf6m.s                       0x00000000   Number         0  dlef.o ABSOLUTE
    ../fplib/drleqf6m.s                      0x00000000   Number         0  drlef.o ABSOLUTE
    ../fplib/usenofp.s                       0x00000000   Number         0  usenofp.o ABSOLUTE
    ../mathlib/round.c                       0x00000000   Number         0  round.o ABSOLUTE
    RTE\Device\MKL05Z32xxx4\startup_MKL05Z4.s 0x00000000   Number         0  startup_mkl05z4.o ABSOLUTE
    RTE\Device\MKL05Z32xxx4\system_MKL05Z4.c 0x00000000   Number         0  system_mkl05z4.o ABSOLUTE
    RTE\\Device\\MKL05Z32xxx4\\system_MKL05Z4.c 0x00000000   Number         0  system_mkl05z4.o ABSOLUTE
    dc.s                                     0x00000000   Number         0  dc.o ABSOLUTE
    i2c.c                                    0x00000000   Number         0  i2c.o ABSOLUTE
    i2c.c                                    0x00000000   Number         0  i2c.o ABSOLUTE
    lcd1602.c                                0x00000000   Number         0  lcd1602.o ABSOLUTE
    lcd1602.c                                0x00000000   Number         0  lcd1602.o ABSOLUTE
    led.c                                    0x00000000   Number         0  led.o ABSOLUTE
    led.c                                    0x00000000   Number         0  led.o ABSOLUTE
    main.c                                   0x00000000   Number         0  main.o ABSOLUTE
    main.c                                   0x00000000   Number         0  main.o ABSOLUTE
    tpm_pcm.c                                0x00000000   Number         0  tpm_pcm.o ABSOLUTE
    tpm_pcm.c                                0x00000000   Number         0  tpm_pcm.o ABSOLUTE
    tsi.c                                    0x00000000   Number         0  tsi.o ABSOLUTE
    tsi.c                                    0x00000000   Number         0  tsi.o ABSOLUTE
    uart0.c                                  0x00000000   Number         0  uart0.o ABSOLUTE
    uart0.c                                  0x00000000   Number         0  uart0.o ABSOLUTE
    !!!main                                  0x000000c0   Section        8  __main.o(!!!main)
    !!!scatter                               0x000000c8   Section       60  __scatter.o(!!!scatter)
    !!handler_copy                           0x00000104   Section       26  __scatter_copy.o(!!handler_copy)
    !!handler_zi                             0x00000120   Section       28  __scatter_zi.o(!!handler_zi)
    .ARM.Collect$$_printf_percent$$00000000  0x0000013c   Section        2  _printf_percent.o(.ARM.Collect$$_printf_percent$$00000000)
    .ARM.Collect$$_printf_percent$$00000009  0x0000013e   Section       10  _printf_d.o(.ARM.Collect$$_printf_percent$$00000009)
    .ARM.Collect$$_printf_percent$$00000017  0x00000148   Section        4  _printf_percent_end.o(.ARM.Collect$$_printf_percent$$00000017)
    .ARM.Collect$$libinit$$00000000          0x0000014c   Section        2  libinit.o(.ARM.Collect$$libinit$$00000000)
    .ARM.Collect$$libinit$$00000002          0x0000014e   Section        0  libinit2.o(.ARM.Collect$$libinit$$00000002)
    .ARM.Collect$$libinit$$00000004          0x0000014e   Section        0  libinit2.o(.ARM.Collect$$libinit$$00000004)
    .ARM.Collect$$libinit$$0000000A          0x0000014e   Section        0  libinit2.o(.ARM.Collect$$libinit$$0000000A)
    .ARM.Collect$$libinit$$0000000C          0x0000014e   Section        0  libinit2.o(.ARM.Collect$$libinit$$0000000C)
    .ARM.Collect$$libinit$$0000000E          0x0000014e   Section        0  libinit2.o(.ARM.Collect$$libinit$$0000000E)
    .ARM.Collect$$libinit$$00000011          0x0000014e   Section        0  libinit2.o(.ARM.Collect$$libinit$$00000011)
    .ARM.Collect$$libinit$$00000013          0x0000014e   Section        0  libinit2.o(.ARM.Collect$$libinit$$00000013)
    .ARM.Collect$$libinit$$00000015          0x0000014e   Section        0  libinit2.o(.ARM.Collect$$libinit$$00000015)
    .ARM.Collect$$libinit$$00000017          0x0000014e   Section        0  libinit2.o(.ARM.Collect$$libinit$$00000017)
    .ARM.Collect$$libinit$$00000019          0x0000014e   Section        0  libinit2.o(.ARM.Collect$$libinit$$00000019)
    .ARM.Collect$$libinit$$0000001B          0x0000014e   Section        0  libinit2.o(.ARM.Collect$$libinit$$0000001B)
    .ARM.Collect$$libinit$$0000001D          0x0000014e   Section        0  libinit2.o(.ARM.Collect$$libinit$$0000001D)
    .ARM.Collect$$libinit$$0000001F          0x0000014e   Section        0  libinit2.o(.ARM.Collect$$libinit$$0000001F)
    .ARM.Collect$$libinit$$00000021          0x0000014e   Section        0  libinit2.o(.ARM.Collect$$libinit$$00000021)
    .ARM.Collect$$libinit$$00000023          0x0000014e   Section        0  libinit2.o(.ARM.Collect$$libinit$$00000023)
    .ARM.Collect$$libinit$$00000025          0x0000014e   Section        0  libinit2.o(.ARM.Collect$$libinit$$00000025)
    .ARM.Collect$$libinit$$0000002C          0x0000014e   Section        0  libinit2.o(.ARM.Collect$$libinit$$0000002C)
    .ARM.Collect$$libinit$$0000002E          0x0000014e   Section        0  libinit2.o(.ARM.Collect$$libinit$$0000002E)
    .ARM.Collect$$libinit$$00000030          0x0000014e   Section        0  libinit2.o(.ARM.Collect$$libinit$$00000030)
    .ARM.Collect$$libinit$$00000032          0x0000014e   Section        0  libinit2.o(.ARM.Collect$$libinit$$00000032)
    .ARM.Collect$$libinit$$00000033          0x0000014e   Section        2  libinit2.o(.ARM.Collect$$libinit$$00000033)
    .ARM.Collect$$libshutdown$$00000000      0x00000150   Section        2  libshutdown.o(.ARM.Collect$$libshutdown$$00000000)
    .ARM.Collect$$libshutdown$$00000002      0x00000152   Section        0  libshutdown2.o(.ARM.Collect$$libshutdown$$00000002)
    .ARM.Collect$$libshutdown$$00000004      0x00000152   Section        0  libshutdown2.o(.ARM.Collect$$libshutdown$$00000004)
    .ARM.Collect$$libshutdown$$00000006      0x00000152   Section        0  libshutdown2.o(.ARM.Collect$$libshutdown$$00000006)
    .ARM.Collect$$libshutdown$$00000009      0x00000152   Section        0  libshutdown2.o(.ARM.Collect$$libshutdown$$00000009)
    .ARM.Collect$$libshutdown$$0000000C      0x00000152   Section        0  libshutdown2.o(.ARM.Collect$$libshutdown$$0000000C)
    .ARM.Collect$$libshutdown$$0000000E      0x00000152   Section        0  libshutdown2.o(.ARM.Collect$$libshutdown$$0000000E)
    .ARM.Collect$$libshutdown$$00000011      0x00000152   Section        0  libshutdown2.o(.ARM.Collect$$libshutdown$$00000011)
    .ARM.Collect$$libshutdown$$00000012      0x00000152   Section        2  libshutdown2.o(.ARM.Collect$$libshutdown$$00000012)
    .ARM.Collect$$rtentry$$00000000          0x00000154   Section        0  __rtentry.o(.ARM.Collect$$rtentry$$00000000)
    .ARM.Collect$$rtentry$$00000002          0x00000154   Section        0  __rtentry2.o(.ARM.Collect$$rtentry$$00000002)
    .ARM.Collect$$rtentry$$00000004          0x00000154   Section        6  __rtentry4.o(.ARM.Collect$$rtentry$$00000004)
    .ARM.Collect$$rtentry$$00000009          0x0000015a   Section        0  __rtentry2.o(.ARM.Collect$$rtentry$$00000009)
    .ARM.Collect$$rtentry$$0000000A          0x0000015a   Section        4  __rtentry2.o(.ARM.Collect$$rtentry$$0000000A)
    .ARM.Collect$$rtentry$$0000000C          0x0000015e   Section        0  __rtentry2.o(.ARM.Collect$$rtentry$$0000000C)
    .ARM.Collect$$rtentry$$0000000D          0x0000015e   Section        8  __rtentry2.o(.ARM.Collect$$rtentry$$0000000D)
    .ARM.Collect$$rtexit$$00000000           0x00000166   Section        2  rtexit.o(.ARM.Collect$$rtexit$$00000000)
    .ARM.Collect$$rtexit$$00000002           0x00000168   Section        0  rtexit2.o(.ARM.Collect$$rtexit$$00000002)
    .ARM.Collect$$rtexit$$00000003           0x00000168   Section        4  rtexit2.o(.ARM.Collect$$rtexit$$00000003)
    .ARM.Collect$$rtexit$$00000004           0x0000016c   Section        6  rtexit2.o(.ARM.Collect$$rtexit$$00000004)
    .text                                    0x00000174   Section       56  startup_mkl05z4.o(.text)
    .text                                    0x000001ac   Section        0  noretval__2sprintf.o(.text)
    .text                                    0x000001d4   Section        0  _printf_pad.o(.text)
    .text                                    0x00000224   Section        0  _printf_dec.o(.text)
    .text                                    0x00000290   Section        0  __printf_wp.o(.text)
    .text                                    0x0000039e   Section        0  heapauxi.o(.text)
    .text                                    0x000003a4   Section        0  dfixui.o(.text)
    .text                                    0x000003ec   Section        0  _sputc.o(.text)
    .text                                    0x000003f8   Section        8  libspace.o(.text)
    .ARM.__at_0x400                          0x00000400   Section       16  startup_mkl05z4.o(.ARM.__at_0x400)
    .text                                    0x00000410   Section        0  strcmp.o(.text)
    .text                                    0x00000498   Section      346  aeabi_sdiv.o(.text)
    .text                                    0x000005f2   Section        0  dflti.o(.text)
    .text                                    0x0000064a   Section        0  _printf_intcommon.o(.text)
    .text                                    0x000006fc   Section        0  _printf_char_common.o(.text)
    _printf_input_char                       0x000006fd   Thumb Code    10  _printf_char_common.o(.text)
    .text                                    0x0000072c   Section        0  rtudiv10.o(.text)
    .text                                    0x00000754   Section        0  daddsub.o(.text)
    _dadd1                                   0x00000755   Thumb Code   290  daddsub.o(.text)
    _dsub1                                   0x00000877   Thumb Code   470  daddsub.o(.text)
    .text                                    0x00000aac   Section        0  drnd.o(.text)
    .text                                    0x00000b9c   Section        0  dcmpin.o(.text)
    .text                                    0x00000c2c   Section       62  sys_stackheap_outer.o(.text)
    .text                                    0x00000c6a   Section        0  exit.o(.text)
    .text                                    0x00000c7a   Section        0  cmpret.o(.text)
    .text                                    0x00000ca8   Section        0  dnan2.o(.text)
    .text                                    0x00000cbc   Section        0  retnan.o(.text)
    .text                                    0x00000d1c   Section        0  sys_exit.o(.text)
    .text                                    0x00000d28   Section        2  use_no_semi.o(.text)
    .text                                    0x00000d2a   Section        0  indicate_semi.o(.text)
    i.I2C_Init                               0x00000d2c   Section        0  i2c.o(i.I2C_Init)
    i.I2C_Write                              0x00000dc0   Section        0  i2c.o(i.I2C_Write)
    i.LCD1602_Backlight                      0x00000e00   Section        0  lcd1602.o(i.LCD1602_Backlight)
    i.LCD1602_CheckAddress                   0x00000e14   Section        0  lcd1602.o(i.LCD1602_CheckAddress)
    i.LCD1602_Init                           0x00000e48   Section        0  lcd1602.o(i.LCD1602_Init)
    i.LCD1602_Print                          0x00000e98   Section        0  lcd1602.o(i.LCD1602_Print)
    i.LCD1602_SetCursor                      0x00000eb4   Section        0  lcd1602.o(i.LCD1602_SetCursor)
    i.LCD1602_Write4                         0x00000ed4   Section        0  lcd1602.o(i.LCD1602_Write4)
    i.LCD1602_Write8                         0x00000f24   Section        0  lcd1602.o(i.LCD1602_Write8)
    i.PCF8574_Write                          0x00000f40   Section        0  lcd1602.o(i.PCF8574_Write)
    i.SystemInit                             0x00000f68   Section        0  system_mkl05z4.o(i.SystemInit)
    i.TPM0_IRQHandler                        0x00000fc4   Section        0  tpm_pcm.o(i.TPM0_IRQHandler)
    i.TPM0_Init_PCM                          0x000010a8   Section        0  tpm_pcm.o(i.TPM0_Init_PCM)
    i.TPM0_PCM_Play                          0x00001184   Section        0  tpm_pcm.o(i.TPM0_PCM_Play)
    i.TSI0_IRQHandler                        0x000011b4   Section        0  tsi.o(i.TSI0_IRQHandler)
    i.TSI_Init                               0x000011d8   Section        0  tsi.o(i.TSI_Init)
    i.TSI_ReadSlider                         0x00001264   Section        0  tsi.o(i.TSI_ReadSlider)
    i.UART0_IRQHandler                       0x000012e8   Section        0  main.o(i.UART0_IRQHandler)
    i.UART0_Init                             0x00001478   Section        0  uart0.o(i.UART0_Init)
    i.__NVIC_SetPriority                     0x0000153c   Section        0  tpm_pcm.o(i.__NVIC_SetPriority)
    __NVIC_SetPriority                       0x0000153d   Thumb Code   110  tpm_pcm.o(i.__NVIC_SetPriority)
    i.__NVIC_SetPriority                     0x000015b4   Section        0  tsi.o(i.__NVIC_SetPriority)
    __NVIC_SetPriority                       0x000015b5   Thumb Code   110  tsi.o(i.__NVIC_SetPriority)
    i._is_digit                              0x0000162c   Section        0  __printf_wp.o(i._is_digit)
    i.back_to_beginning                      0x0000163c   Section        0  main.o(i.back_to_beginning)
    i.change_electrode                       0x00001688   Section        0  tsi.o(i.change_electrode)
    i.clear_all                              0x0000171c   Section        0  main.o(i.clear_all)
    i.clear_command                          0x000017a0   Section        0  main.o(i.clear_command)
    i.i2c_disable                            0x000017b8   Section        0  i2c.o(i.i2c_disable)
    i.i2c_enable                             0x000017cc   Section        0  i2c.o(i.i2c_enable)
    i.i2c_m_start                            0x000017e0   Section        0  i2c.o(i.i2c_m_start)
    i.i2c_m_stop                             0x000017f4   Section        0  i2c.o(i.i2c_m_stop)
    i.i2c_send                               0x00001808   Section        0  i2c.o(i.i2c_send)
    i.i2c_tran                               0x00001814   Section        0  i2c.o(i.i2c_tran)
    i.i2c_wait                               0x00001828   Section        0  i2c.o(i.i2c_wait)
    i.main                                   0x0000189c   Section        0  main.o(i.main)
    i.non_zero_samples                       0x00001b34   Section        0  main.o(i.non_zero_samples)
    i.play                                   0x00001b5c   Section        0  main.o(i.play)
    i.round                                  0x00001b88   Section        0  round.o(i.round)
    i.self_calibration                       0x00001c24   Section        0  tsi.o(i.self_calibration)
    i.stop                                   0x00001d20   Section        0  main.o(i.stop)
    x$fpl$dleqf                              0x00001d50   Section      100  dlef.o(x$fpl$dleqf)
    x$fpl$drleqf                             0x00001db4   Section      104  drlef.o(x$fpl$drleqf)
    .constdata                               0x00001e1c   Section    16010  tpm_pcm.o(.constdata)
    x$fpl$usenofp                            0x00001e1c   Section        0  usenofp.o(x$fpl$usenofp)
    .data                                    0x1ffffc00   Section       81  main.o(.data)
    .data                                    0x1ffffc52   Section        4  i2c.o(.data)
    error                                    0x1ffffc52   Data           1  i2c.o(.data)
    timeout                                  0x1ffffc54   Data           2  i2c.o(.data)
    .data                                    0x1ffffc56   Section        2  lcd1602.o(.data)
    lcd_backlight                            0x1ffffc56   Data           1  lcd1602.o(.data)
    pcf_address                              0x1ffffc57   Data           1  lcd1602.o(.data)
    .data                                    0x1ffffc58   Section       17  tpm_pcm.o(.data)
    upSampleCNT                              0x1ffffc58   Data           2  tpm_pcm.o(.data)
    sampleCNT                                0x1ffffc5a   Data           2  tpm_pcm.o(.data)
    .data                                    0x1ffffc6a   Section       20  tsi.o(.data)
    elec_array                               0x1ffffc6a   Data           2  tsi.o(.data)
    gu16TSICount                             0x1ffffc6c   Data           4  tsi.o(.data)
    gu16Baseline                             0x1ffffc70   Data           4  tsi.o(.data)
    gu16Threshold                            0x1ffffc74   Data           4  tsi.o(.data)
    gu16Delta                                0x1ffffc78   Data           4  tsi.o(.data)
    ongoing_elec                             0x1ffffc7c   Data           1  tsi.o(.data)
    end_flag                                 0x1ffffc7d   Data           1  tsi.o(.data)
    .bss                                     0x1ffffc80   Section       16  main.o(.bss)
    .bss                                     0x1ffffc90   Section      200  tpm_pcm.o(.bss)
    .bss                                     0x1ffffd58   Section       96  libspace.o(.bss)
    HEAP                                     0x1ffffdb8   Section      768  startup_mkl05z4.o(HEAP)
    Heap_Mem                                 0x1ffffdb8   Data         768  startup_mkl05z4.o(HEAP)
    STACK                                    0x200000b8   Section      256  startup_mkl05z4.o(STACK)
    Stack_Mem                                0x200000b8   Data         256  startup_mkl05z4.o(STACK)
    __initial_sp                             0x200001b8   Data           0  startup_mkl05z4.o(STACK)

    Global Symbols

    Symbol Name                              Value     Ov Type        Size  Object(Section)

    BuildAttributes$$THM_ISAv3M$S$PE$A:L22$X:L11$S22$IEEE1$IW$USESV6$~STKCKD$USESV7$~SHL$OTIME$ROPI$IEEEJ$EBA8$UX$STANDARDLIB$REQ8$PRES8$EABIv2 0x00000000   Number         0  anon$$obj.o ABSOLUTE
    __ARM_use_no_argv                        0x00000000   Number         0  main.o ABSOLUTE
    __Vectors                                0x00000000   Data           4  startup_mkl05z4.o(RESET)
    _printf_flags                            0x00000000   Number         0  printf_stubs.o ABSOLUTE
    _printf_return_value                     0x00000000   Number         0  printf_stubs.o ABSOLUTE
    _printf_sizespec                         0x00000000   Number         0  printf_stubs.o ABSOLUTE
    _printf_widthprec                        0x00000000   Number         0  printf_stubs.o ABSOLUTE
    __ARM_exceptions_init                     - Undefined Weak Reference
    __alloca_initialize                       - Undefined Weak Reference
    __arm_fini_                               - Undefined Weak Reference
    __arm_preinit_                            - Undefined Weak Reference
    __cpp_initialize__aeabi_                  - Undefined Weak Reference
    __cxa_finalize                            - Undefined Weak Reference
    __rt_locale                               - Undefined Weak Reference
    __sigvec_lookup                           - Undefined Weak Reference
    _atexit_init                              - Undefined Weak Reference
    _call_atexit_fns                          - Undefined Weak Reference
    _clock_init                               - Undefined Weak Reference
    _fp_trap_init                             - Undefined Weak Reference
    _fp_trap_shutdown                         - Undefined Weak Reference
    _get_lc_collate                           - Undefined Weak Reference
    _get_lc_ctype                             - Undefined Weak Reference
    _get_lc_monetary                          - Undefined Weak Reference
    _get_lc_numeric                           - Undefined Weak Reference
    _get_lc_time                              - Undefined Weak Reference
    _getenv_init                              - Undefined Weak Reference
    _handle_redirection                       - Undefined Weak Reference
    _init_alloc                               - Undefined Weak Reference
    _init_user_alloc                          - Undefined Weak Reference
    _initio                                   - Undefined Weak Reference
    _printf_truncate_signed                   - Undefined Weak Reference
    _printf_truncate_unsigned                 - Undefined Weak Reference
    _rand_init                                - Undefined Weak Reference
    _signal_finish                            - Undefined Weak Reference
    _signal_init                              - Undefined Weak Reference
    _terminate_alloc                          - Undefined Weak Reference
    _terminate_user_alloc                     - Undefined Weak Reference
    _terminateio                              - Undefined Weak Reference
    __Vectors_End                            0x000000c0   Data           0  startup_mkl05z4.o(RESET)
    __Vectors_Size                           0x000000c0   Number         0  startup_mkl05z4.o ABSOLUTE
    __main                                   0x000000c1   Thumb Code     8  __main.o(!!!main)
    __scatterload                            0x000000c9   Thumb Code     0  __scatter.o(!!!scatter)
    __scatterload_rt2                        0x000000c9   Thumb Code    52  __scatter.o(!!!scatter)
    __scatterload_rt2_thumb_only             0x000000c9   Thumb Code     0  __scatter.o(!!!scatter)
    __scatterload_null                       0x000000d9   Thumb Code     0  __scatter.o(!!!scatter)
    __scatterload_copy                       0x00000105   Thumb Code    26  __scatter_copy.o(!!handler_copy)
    __scatterload_zeroinit                   0x00000121   Thumb Code    28  __scatter_zi.o(!!handler_zi)
    _printf_percent                          0x0000013d   Thumb Code     0  _printf_percent.o(.ARM.Collect$$_printf_percent$$00000000)
    _printf_d                                0x0000013f   Thumb Code     0  _printf_d.o(.ARM.Collect$$_printf_percent$$00000009)
    _printf_percent_end                      0x00000149   Thumb Code     0  _printf_percent_end.o(.ARM.Collect$$_printf_percent$$00000017)
    __rt_lib_init                            0x0000014d   Thumb Code     0  libinit.o(.ARM.Collect$$libinit$$00000000)
    __rt_lib_init_alloca_1                   0x0000014f   Thumb Code     0  libinit2.o(.ARM.Collect$$libinit$$0000002E)
    __rt_lib_init_argv_1                     0x0000014f   Thumb Code     0  libinit2.o(.ARM.Collect$$libinit$$0000002C)
    __rt_lib_init_atexit_1                   0x0000014f   Thumb Code     0  libinit2.o(.ARM.Collect$$libinit$$0000001B)
    __rt_lib_init_clock_1                    0x0000014f   Thumb Code     0  libinit2.o(.ARM.Collect$$libinit$$00000021)
    __rt_lib_init_cpp_1                      0x0000014f   Thumb Code     0  libinit2.o(.ARM.Collect$$libinit$$00000032)
    __rt_lib_init_exceptions_1               0x0000014f   Thumb Code     0  libinit2.o(.ARM.Collect$$libinit$$00000030)
    __rt_lib_init_fp_1                       0x0000014f   Thumb Code     0  libinit2.o(.ARM.Collect$$libinit$$00000002)
    __rt_lib_init_fp_trap_1                  0x0000014f   Thumb Code     0  libinit2.o(.ARM.Collect$$libinit$$0000001F)
    __rt_lib_init_getenv_1                   0x0000014f   Thumb Code     0  libinit2.o(.ARM.Collect$$libinit$$00000023)
    __rt_lib_init_heap_1                     0x0000014f   Thumb Code     0  libinit2.o(.ARM.Collect$$libinit$$0000000A)
    __rt_lib_init_lc_collate_1               0x0000014f   Thumb Code     0  libinit2.o(.ARM.Collect$$libinit$$00000011)
    __rt_lib_init_lc_ctype_1                 0x0000014f   Thumb Code     0  libinit2.o(.ARM.Collect$$libinit$$00000013)
    __rt_lib_init_lc_monetary_1              0x0000014f   Thumb Code     0  libinit2.o(.ARM.Collect$$libinit$$00000015)
    __rt_lib_init_lc_numeric_1               0x0000014f   Thumb Code     0  libinit2.o(.ARM.Collect$$libinit$$00000017)
    __rt_lib_init_lc_time_1                  0x0000014f   Thumb Code     0  libinit2.o(.ARM.Collect$$libinit$$00000019)
    __rt_lib_init_preinit_1                  0x0000014f   Thumb Code     0  libinit2.o(.ARM.Collect$$libinit$$00000004)
    __rt_lib_init_rand_1                     0x0000014f   Thumb Code     0  libinit2.o(.ARM.Collect$$libinit$$0000000E)
    __rt_lib_init_return                     0x0000014f   Thumb Code     0  libinit2.o(.ARM.Collect$$libinit$$00000033)
    __rt_lib_init_signal_1                   0x0000014f   Thumb Code     0  libinit2.o(.ARM.Collect$$libinit$$0000001D)
    __rt_lib_init_stdio_1                    0x0000014f   Thumb Code     0  libinit2.o(.ARM.Collect$$libinit$$00000025)
    __rt_lib_init_user_alloc_1               0x0000014f   Thumb Code     0  libinit2.o(.ARM.Collect$$libinit$$0000000C)
    __rt_lib_shutdown                        0x00000151   Thumb Code     0  libshutdown.o(.ARM.Collect$$libshutdown$$00000000)
    __rt_lib_shutdown_cpp_1                  0x00000153   Thumb Code     0  libshutdown2.o(.ARM.Collect$$libshutdown$$00000004)
    __rt_lib_shutdown_fini_1                 0x00000153   Thumb Code     0  libshutdown2.o(.ARM.Collect$$libshutdown$$00000002)
    __rt_lib_shutdown_fp_trap_1              0x00000153   Thumb Code     0  libshutdown2.o(.ARM.Collect$$libshutdown$$00000009)
    __rt_lib_shutdown_heap_1                 0x00000153   Thumb Code     0  libshutdown2.o(.ARM.Collect$$libshutdown$$00000011)
    __rt_lib_shutdown_return                 0x00000153   Thumb Code     0  libshutdown2.o(.ARM.Collect$$libshutdown$$00000012)
    __rt_lib_shutdown_signal_1               0x00000153   Thumb Code     0  libshutdown2.o(.ARM.Collect$$libshutdown$$0000000C)
    __rt_lib_shutdown_stdio_1                0x00000153   Thumb Code     0  libshutdown2.o(.ARM.Collect$$libshutdown$$00000006)
    __rt_lib_shutdown_user_alloc_1           0x00000153   Thumb Code     0  libshutdown2.o(.ARM.Collect$$libshutdown$$0000000E)
    __rt_entry                               0x00000155   Thumb Code     0  __rtentry.o(.ARM.Collect$$rtentry$$00000000)
    __rt_entry_presh_1                       0x00000155   Thumb Code     0  __rtentry2.o(.ARM.Collect$$rtentry$$00000002)
    __rt_entry_sh                            0x00000155   Thumb Code     0  __rtentry4.o(.ARM.Collect$$rtentry$$00000004)
    __rt_entry_li                            0x0000015b   Thumb Code     0  __rtentry2.o(.ARM.Collect$$rtentry$$0000000A)
    __rt_entry_postsh_1                      0x0000015b   Thumb Code     0  __rtentry2.o(.ARM.Collect$$rtentry$$00000009)
    __rt_entry_main                          0x0000015f   Thumb Code     0  __rtentry2.o(.ARM.Collect$$rtentry$$0000000D)
    __rt_entry_postli_1                      0x0000015f   Thumb Code     0  __rtentry2.o(.ARM.Collect$$rtentry$$0000000C)
    __rt_exit                                0x00000167   Thumb Code     0  rtexit.o(.ARM.Collect$$rtexit$$00000000)
    __rt_exit_ls                             0x00000169   Thumb Code     0  rtexit2.o(.ARM.Collect$$rtexit$$00000003)
    __rt_exit_prels_1                        0x00000169   Thumb Code     0  rtexit2.o(.ARM.Collect$$rtexit$$00000002)
    __rt_exit_exit                           0x0000016d   Thumb Code     0  rtexit2.o(.ARM.Collect$$rtexit$$00000004)
    Reset_Handler                            0x00000175   Thumb Code     8  startup_mkl05z4.o(.text)
    NMI_Handler                              0x0000017d   Thumb Code     2  startup_mkl05z4.o(.text)
    HardFault_Handler                        0x0000017f   Thumb Code     2  startup_mkl05z4.o(.text)
    SVC_Handler                              0x00000181   Thumb Code     2  startup_mkl05z4.o(.text)
    PendSV_Handler                           0x00000183   Thumb Code     2  startup_mkl05z4.o(.text)
    SysTick_Handler                          0x00000185   Thumb Code     2  startup_mkl05z4.o(.text)
    ADC0_IRQHandler                          0x00000187   Thumb Code     0  startup_mkl05z4.o(.text)
    CMP0_IRQHandler                          0x00000187   Thumb Code     0  startup_mkl05z4.o(.text)
    DAC0_IRQHandler                          0x00000187   Thumb Code     0  startup_mkl05z4.o(.text)
    DMA0_IRQHandler                          0x00000187   Thumb Code     0  startup_mkl05z4.o(.text)
    DMA1_IRQHandler                          0x00000187   Thumb Code     0  startup_mkl05z4.o(.text)
    DMA2_IRQHandler                          0x00000187   Thumb Code     0  startup_mkl05z4.o(.text)
    DMA3_IRQHandler                          0x00000187   Thumb Code     0  startup_mkl05z4.o(.text)
    DefaultISR                               0x00000187   Thumb Code     0  startup_mkl05z4.o(.text)
    FTFA_IRQHandler                          0x00000187   Thumb Code     0  startup_mkl05z4.o(.text)
    I2C0_IRQHandler                          0x00000187   Thumb Code     0  startup_mkl05z4.o(.text)
    LLW_IRQHandler                           0x00000187   Thumb Code     0  startup_mkl05z4.o(.text)
    LPTimer_IRQHandler                       0x00000187   Thumb Code     0  startup_mkl05z4.o(.text)
    LVD_LVW_IRQHandler                       0x00000187   Thumb Code     0  startup_mkl05z4.o(.text)
    MCG_IRQHandler                           0x00000187   Thumb Code     0  startup_mkl05z4.o(.text)
    PIT_IRQHandler                           0x00000187   Thumb Code     0  startup_mkl05z4.o(.text)
    PORTA_IRQHandler                         0x00000187   Thumb Code     0  startup_mkl05z4.o(.text)
    PORTB_IRQHandler                         0x00000187   Thumb Code     0  startup_mkl05z4.o(.text)
    RTC_IRQHandler                           0x00000187   Thumb Code     0  startup_mkl05z4.o(.text)
    RTC_Seconds_IRQHandler                   0x00000187   Thumb Code     0  startup_mkl05z4.o(.text)
    Reserved20_IRQHandler                    0x00000187   Thumb Code     0  startup_mkl05z4.o(.text)
    Reserved25_IRQHandler                    0x00000187   Thumb Code     0  startup_mkl05z4.o(.text)
    Reserved27_IRQHandler                    0x00000187   Thumb Code     0  startup_mkl05z4.o(.text)
    Reserved29_IRQHandler                    0x00000187   Thumb Code     0  startup_mkl05z4.o(.text)
    Reserved30_IRQHandler                    0x00000187   Thumb Code     0  startup_mkl05z4.o(.text)
    Reserved35_IRQHandler                    0x00000187   Thumb Code     0  startup_mkl05z4.o(.text)
    Reserved39_IRQHandler                    0x00000187   Thumb Code     0  startup_mkl05z4.o(.text)
    Reserved40_IRQHandler                    0x00000187   Thumb Code     0  startup_mkl05z4.o(.text)
    Reserved45_IRQHandler                    0x00000187   Thumb Code     0  startup_mkl05z4.o(.text)
    SPI0_IRQHandler                          0x00000187   Thumb Code     0  startup_mkl05z4.o(.text)
    TPM1_IRQHandler                          0x00000187   Thumb Code     0  startup_mkl05z4.o(.text)
    __user_initial_stackheap                 0x00000189   Thumb Code     0  startup_mkl05z4.o(.text)
    __2sprintf                               0x000001ad   Thumb Code    36  noretval__2sprintf.o(.text)
    _printf_pre_padding                      0x000001d5   Thumb Code    44  _printf_pad.o(.text)
    _printf_post_padding                     0x00000201   Thumb Code    34  _printf_pad.o(.text)
    _printf_int_dec                          0x00000225   Thumb Code    90  _printf_dec.o(.text)
    __printf                                 0x00000291   Thumb Code   270  __printf_wp.o(.text)
    __use_two_region_memory                  0x0000039f   Thumb Code     2  heapauxi.o(.text)
    __rt_heap_escrow$2region                 0x000003a1   Thumb Code     2  heapauxi.o(.text)
    __rt_heap_expand$2region                 0x000003a3   Thumb Code     2  heapauxi.o(.text)
    __aeabi_d2uiz                            0x000003a5   Thumb Code     0  dfixui.o(.text)
    _dfixu                                   0x000003a5   Thumb Code    68  dfixui.o(.text)
    _sputc                                   0x000003ed   Thumb Code    10  _sputc.o(.text)
    __user_libspace                          0x000003f9   Thumb Code     8  libspace.o(.text)
    __user_perproc_libspace                  0x000003f9   Thumb Code     0  libspace.o(.text)
    __user_perthread_libspace                0x000003f9   Thumb Code     0  libspace.o(.text)
    strcmp                                   0x00000411   Thumb Code   132  strcmp.o(.text)
    __aeabi_uidiv                            0x00000499   Thumb Code     0  aeabi_sdiv.o(.text)
    __aeabi_uidivmod                         0x00000499   Thumb Code    20  aeabi_sdiv.o(.text)
    __aeabi_idiv                             0x000004ad   Thumb Code     0  aeabi_sdiv.o(.text)
    __aeabi_idivmod                          0x000004ad   Thumb Code   326  aeabi_sdiv.o(.text)
    __aeabi_i2d_normalise                    0x000005f3   Thumb Code    66  dflti.o(.text)
    __aeabi_i2d                              0x00000635   Thumb Code    16  dflti.o(.text)
    _dflt                                    0x00000635   Thumb Code     0  dflti.o(.text)
    __aeabi_ui2d                             0x00000645   Thumb Code     6  dflti.o(.text)
    _dfltu                                   0x00000645   Thumb Code     0  dflti.o(.text)
    _printf_int_common                       0x0000064b   Thumb Code   176  _printf_intcommon.o(.text)
    _printf_char_common                      0x00000707   Thumb Code    32  _printf_char_common.o(.text)
    __rt_udiv10                              0x0000072d   Thumb Code    40  rtudiv10.o(.text)
    __aeabi_dadd                             0x00000a4d   Thumb Code     0  daddsub.o(.text)
    _dadd                                    0x00000a4d   Thumb Code    26  daddsub.o(.text)
    __aeabi_dsub                             0x00000a67   Thumb Code     0  daddsub.o(.text)
    _dsub                                    0x00000a67   Thumb Code    22  daddsub.o(.text)
    __aeabi_drsub                            0x00000a7d   Thumb Code     0  daddsub.o(.text)
    _drsb                                    0x00000a7d   Thumb Code    28  daddsub.o(.text)
    _drnd                                    0x00000aad   Thumb Code   232  drnd.o(.text)
    __fpl_dcmp_InfNaN                        0x00000b9d   Thumb Code   140  dcmpin.o(.text)
    __user_setup_stackheap                   0x00000c2d   Thumb Code    62  sys_stackheap_outer.o(.text)
    exit                                     0x00000c6b   Thumb Code    16  exit.o(.text)
    __fpl_cmpreturn                          0x00000c7b   Thumb Code    46  cmpret.o(.text)
    __fpl_dcheck_NaN2                        0x00000ca9   Thumb Code    14  dnan2.o(.text)
    __fpl_return_NaN                         0x00000cbd   Thumb Code    94  retnan.o(.text)
    _sys_exit                                0x00000d1d   Thumb Code     8  sys_exit.o(.text)
    __I$use$semihosting                      0x00000d29   Thumb Code     0  use_no_semi.o(.text)
    __use_no_semihosting_swi                 0x00000d29   Thumb Code     2  use_no_semi.o(.text)
    __semihosting_library_function           0x00000d2b   Thumb Code     0  indicate_semi.o(.text)
    I2C_Init                                 0x00000d2d   Thumb Code   134  i2c.o(i.I2C_Init)
    I2C_Write                                0x00000dc1   Thumb Code    60  i2c.o(i.I2C_Write)
    LCD1602_Backlight                        0x00000e01   Thumb Code    16  lcd1602.o(i.LCD1602_Backlight)
    LCD1602_CheckAddress                     0x00000e15   Thumb Code    48  lcd1602.o(i.LCD1602_CheckAddress)
    LCD1602_Init                             0x00000e49   Thumb Code    74  lcd1602.o(i.LCD1602_Init)
    LCD1602_Print                            0x00000e99   Thumb Code    28  lcd1602.o(i.LCD1602_Print)
    LCD1602_SetCursor                        0x00000eb5   Thumb Code    30  lcd1602.o(i.LCD1602_SetCursor)
    LCD1602_Write4                           0x00000ed5   Thumb Code    74  lcd1602.o(i.LCD1602_Write4)
    LCD1602_Write8                           0x00000f25   Thumb Code    28  lcd1602.o(i.LCD1602_Write8)
    PCF8574_Write                            0x00000f41   Thumb Code    32  lcd1602.o(i.PCF8574_Write)
    SystemInit                               0x00000f69   Thumb Code    78  system_mkl05z4.o(i.SystemInit)
    TPM0_IRQHandler                          0x00000fc5   Thumb Code   182  tpm_pcm.o(i.TPM0_IRQHandler)
    TPM0_Init_PCM                            0x000010a9   Thumb Code   198  tpm_pcm.o(i.TPM0_Init_PCM)
    TPM0_PCM_Play                            0x00001185   Thumb Code    26  tpm_pcm.o(i.TPM0_PCM_Play)
    TSI0_IRQHandler                          0x000011b5   Thumb Code    26  tsi.o(i.TSI0_IRQHandler)
    TSI_Init                                 0x000011d9   Thumb Code   112  tsi.o(i.TSI_Init)
    TSI_ReadSlider                           0x00001265   Thumb Code   120  tsi.o(i.TSI_ReadSlider)
    UART0_IRQHandler                         0x000012e9   Thumb Code   348  main.o(i.UART0_IRQHandler)
    UART0_Init                               0x00001479   Thumb Code   176  uart0.o(i.UART0_Init)
    _is_digit                                0x0000162d   Thumb Code    14  __printf_wp.o(i._is_digit)
    back_to_beginning                        0x0000163d   Thumb Code    38  main.o(i.back_to_beginning)
    change_electrode                         0x00001689   Thumb Code   122  tsi.o(i.change_electrode)
    clear_all                                0x0000171d   Thumb Code    82  main.o(i.clear_all)
    clear_command                            0x000017a1   Thumb Code    18  main.o(i.clear_command)
    i2c_disable                              0x000017b9   Thumb Code    14  i2c.o(i.i2c_disable)
    i2c_enable                               0x000017cd   Thumb Code    14  i2c.o(i.i2c_enable)
    i2c_m_start                              0x000017e1   Thumb Code    14  i2c.o(i.i2c_m_start)
    i2c_m_stop                               0x000017f5   Thumb Code    14  i2c.o(i.i2c_m_stop)
    i2c_send                                 0x00001809   Thumb Code     6  i2c.o(i.i2c_send)
    i2c_tran                                 0x00001815   Thumb Code    14  i2c.o(i.i2c_tran)
    i2c_wait                                 0x00001829   Thumb Code   100  i2c.o(i.i2c_wait)
    main                                     0x0000189d   Thumb Code   546  main.o(i.main)
    non_zero_samples                         0x00001b35   Thumb Code    32  main.o(i.non_zero_samples)
    play                                     0x00001b5d   Thumb Code    22  main.o(i.play)
    round                                    0x00001b89   Thumb Code   142  round.o(i.round)
    self_calibration                         0x00001c25   Thumb Code   240  tsi.o(i.self_calibration)
    stop                                     0x00001d21   Thumb Code    24  main.o(i.stop)
    __aeabi_cdcmple                          0x00001d51   Thumb Code     0  dlef.o(x$fpl$dleqf)
    _dcmple                                  0x00001d51   Thumb Code    94  dlef.o(x$fpl$dleqf)
    __aeabi_cdrcmple                         0x00001db5   Thumb Code     0  drlef.o(x$fpl$drleqf)
    _drcmple                                 0x00001db5   Thumb Code   100  drlef.o(x$fpl$drleqf)
    SIN                                      0x00001e1c   Data       16000  tpm_pcm.o(.constdata)
    __I$use$fp                               0x00001e1c   Number         0  usenofp.o(x$fpl$usenofp)
    frequency                                0x00005c9c   Data           8  tpm_pcm.o(.constdata)
    SAMPLES                                  0x00005ca4   Data           2  tpm_pcm.o(.constdata)
    Region$$Table$$Base                      0x00005ca8   Number         0  anon$$obj.o(Region$$Table)
    Region$$Table$$Limit                     0x00005cc8   Number         0  anon$$obj.o(Region$$Table)
    read                                     0x1ffffc00   Data           1  main.o(.data)
    com                                      0x1ffffc01   Data           1  main.o(.data)
    rx_sig_pos                               0x1ffffc02   Data           2  main.o(.data)
    rx_com_pos                               0x1ffffc04   Data           1  main.o(.data)
    temp                                     0x1ffffc05   Data           1  main.o(.data)
    i                                        0x1ffffc06   Data           1  main.o(.data)
    rx_FULL                                  0x1ffffc07   Data           1  main.o(.data)
    too_long                                 0x1ffffc08   Data           1  main.o(.data)
    check                                    0x1ffffc09   Data           1  main.o(.data)
    PLAY                                     0x1ffffc0a   Data           2  main.o(.data)
    GOBACK                                   0x1ffffc0c   Data           2  main.o(.data)
    STOP                                     0x1ffffc0e   Data           2  main.o(.data)
    CLEAR_ALL                                0x1ffffc10   Data           4  main.o(.data)
    frequencies                              0x1ffffc14   Data          16  main.o(.data)
    Error                                    0x1ffffc24   Data          12  main.o(.data)
    Checked                                  0x1ffffc30   Data          17  main.o(.data)
    Too_Long                                 0x1ffffc41   Data          16  main.o(.data)
    playFlag                                 0x1ffffc5c   Data           1  tpm_pcm.o(.data)
    speed                                    0x1ffffc5d   Data           1  tpm_pcm.o(.data)
    TIME_END                                 0x1ffffc60   Data           4  tpm_pcm.o(.data)
    timer                                    0x1ffffc64   Data           4  tpm_pcm.o(.data)
    play_index                               0x1ffffc68   Data           1  tpm_pcm.o(.data)
    command                                  0x1ffffc80   Data          16  main.o(.bss)
    signal                                   0x1ffffc90   Data         200  tpm_pcm.o(.bss)
    __libspace_start                         0x1ffffd58   Data          96  libspace.o(.bss)
    __temporary_stack_top$libspace           0x1ffffdb8   Data           0  libspace.o(.bss)



==============================================================================

Memory Map of the image

  Image Entry point : 0x00000175

  Load Region LR_1 (Base: 0x00000000, Size: 0x00005d48, Max: 0xffffffff, ABSOLUTE)

    Execution Region ER_RO (Exec base: 0x00000000, Load base: 0x00000000, Size: 0x00005cc8, Max: 0xffffffff, ABSOLUTE)

    Exec Addr    Load Addr    Size         Type   Attr      Idx    E Section Name        Object

    0x00000000   0x00000000   0x000000c0   Data   RO          472    RESET               startup_mkl05z4.o
    0x000000c0   0x000000c0   0x00000008   Code   RO          556  * !!!main             c_p.l(__main.o)
    0x000000c8   0x000000c8   0x0000003c   Code   RO          761    !!!scatter          c_p.l(__scatter.o)
    0x00000104   0x00000104   0x0000001a   Code   RO          763    !!handler_copy      c_p.l(__scatter_copy.o)
    0x0000011e   0x0000011e   0x00000002   PAD
    0x00000120   0x00000120   0x0000001c   Code   RO          765    !!handler_zi        c_p.l(__scatter_zi.o)
    0x0000013c   0x0000013c   0x00000002   Code   RO          547    .ARM.Collect$$_printf_percent$$00000000  c_p.l(_printf_percent.o)
    0x0000013e   0x0000013e   0x0000000a   Code   RO          546    .ARM.Collect$$_printf_percent$$00000009  c_p.l(_printf_d.o)
    0x00000148   0x00000148   0x00000004   Code   RO          575    .ARM.Collect$$_printf_percent$$00000017  c_p.l(_printf_percent_end.o)
    0x0000014c   0x0000014c   0x00000002   Code   RO          622    .ARM.Collect$$libinit$$00000000  c_p.l(libinit.o)
    0x0000014e   0x0000014e   0x00000000   Code   RO          640    .ARM.Collect$$libinit$$00000002  c_p.l(libinit2.o)
    0x0000014e   0x0000014e   0x00000000   Code   RO          642    .ARM.Collect$$libinit$$00000004  c_p.l(libinit2.o)
    0x0000014e   0x0000014e   0x00000000   Code   RO          645    .ARM.Collect$$libinit$$0000000A  c_p.l(libinit2.o)
    0x0000014e   0x0000014e   0x00000000   Code   RO          647    .ARM.Collect$$libinit$$0000000C  c_p.l(libinit2.o)
    0x0000014e   0x0000014e   0x00000000   Code   RO          649    .ARM.Collect$$libinit$$0000000E  c_p.l(libinit2.o)
    0x0000014e   0x0000014e   0x00000000   Code   RO          652    .ARM.Collect$$libinit$$00000011  c_p.l(libinit2.o)
    0x0000014e   0x0000014e   0x00000000   Code   RO          654    .ARM.Collect$$libinit$$00000013  c_p.l(libinit2.o)
    0x0000014e   0x0000014e   0x00000000   Code   RO          656    .ARM.Collect$$libinit$$00000015  c_p.l(libinit2.o)
    0x0000014e   0x0000014e   0x00000000   Code   RO          658    .ARM.Collect$$libinit$$00000017  c_p.l(libinit2.o)
    0x0000014e   0x0000014e   0x00000000   Code   RO          660    .ARM.Collect$$libinit$$00000019  c_p.l(libinit2.o)
    0x0000014e   0x0000014e   0x00000000   Code   RO          662    .ARM.Collect$$libinit$$0000001B  c_p.l(libinit2.o)
    0x0000014e   0x0000014e   0x00000000   Code   RO          664    .ARM.Collect$$libinit$$0000001D  c_p.l(libinit2.o)
    0x0000014e   0x0000014e   0x00000000   Code   RO          666    .ARM.Collect$$libinit$$0000001F  c_p.l(libinit2.o)
    0x0000014e   0x0000014e   0x00000000   Code   RO          668    .ARM.Collect$$libinit$$00000021  c_p.l(libinit2.o)
    0x0000014e   0x0000014e   0x00000000   Code   RO          670    .ARM.Collect$$libinit$$00000023  c_p.l(libinit2.o)
    0x0000014e   0x0000014e   0x00000000   Code   RO          672    .ARM.Collect$$libinit$$00000025  c_p.l(libinit2.o)
    0x0000014e   0x0000014e   0x00000000   Code   RO          676    .ARM.Collect$$libinit$$0000002C  c_p.l(libinit2.o)
    0x0000014e   0x0000014e   0x00000000   Code   RO          678    .ARM.Collect$$libinit$$0000002E  c_p.l(libinit2.o)
    0x0000014e   0x0000014e   0x00000000   Code   RO          680    .ARM.Collect$$libinit$$00000030  c_p.l(libinit2.o)
    0x0000014e   0x0000014e   0x00000000   Code   RO          682    .ARM.Collect$$libinit$$00000032  c_p.l(libinit2.o)
    0x0000014e   0x0000014e   0x00000002   Code   RO          683    .ARM.Collect$$libinit$$00000033  c_p.l(libinit2.o)
    0x00000150   0x00000150   0x00000002   Code   RO          716    .ARM.Collect$$libshutdown$$00000000  c_p.l(libshutdown.o)
    0x00000152   0x00000152   0x00000000   Code   RO          742    .ARM.Collect$$libshutdown$$00000002  c_p.l(libshutdown2.o)
    0x00000152   0x00000152   0x00000000   Code   RO          744    .ARM.Collect$$libshutdown$$00000004  c_p.l(libshutdown2.o)
    0x00000152   0x00000152   0x00000000   Code   RO          746    .ARM.Collect$$libshutdown$$00000006  c_p.l(libshutdown2.o)
    0x00000152   0x00000152   0x00000000   Code   RO          749    .ARM.Collect$$libshutdown$$00000009  c_p.l(libshutdown2.o)
    0x00000152   0x00000152   0x00000000   Code   RO          752    .ARM.Collect$$libshutdown$$0000000C  c_p.l(libshutdown2.o)
    0x00000152   0x00000152   0x00000000   Code   RO          754    .ARM.Collect$$libshutdown$$0000000E  c_p.l(libshutdown2.o)
    0x00000152   0x00000152   0x00000000   Code   RO          757    .ARM.Collect$$libshutdown$$00000011  c_p.l(libshutdown2.o)
    0x00000152   0x00000152   0x00000002   Code   RO          758    .ARM.Collect$$libshutdown$$00000012  c_p.l(libshutdown2.o)
    0x00000154   0x00000154   0x00000000   Code   RO          564    .ARM.Collect$$rtentry$$00000000  c_p.l(__rtentry.o)
    0x00000154   0x00000154   0x00000000   Code   RO          588    .ARM.Collect$$rtentry$$00000002  c_p.l(__rtentry2.o)
    0x00000154   0x00000154   0x00000006   Code   RO          600    .ARM.Collect$$rtentry$$00000004  c_p.l(__rtentry4.o)
    0x0000015a   0x0000015a   0x00000000   Code   RO          590    .ARM.Collect$$rtentry$$00000009  c_p.l(__rtentry2.o)
    0x0000015a   0x0000015a   0x00000004   Code   RO          591    .ARM.Collect$$rtentry$$0000000A  c_p.l(__rtentry2.o)
    0x0000015e   0x0000015e   0x00000000   Code   RO          593    .ARM.Collect$$rtentry$$0000000C  c_p.l(__rtentry2.o)
    0x0000015e   0x0000015e   0x00000008   Code   RO          594    .ARM.Collect$$rtentry$$0000000D  c_p.l(__rtentry2.o)
    0x00000166   0x00000166   0x00000002   Code   RO          631    .ARM.Collect$$rtexit$$00000000  c_p.l(rtexit.o)
    0x00000168   0x00000168   0x00000000   Code   RO          689    .ARM.Collect$$rtexit$$00000002  c_p.l(rtexit2.o)
    0x00000168   0x00000168   0x00000004   Code   RO          690    .ARM.Collect$$rtexit$$00000003  c_p.l(rtexit2.o)
    0x0000016c   0x0000016c   0x00000006   Code   RO          691    .ARM.Collect$$rtexit$$00000004  c_p.l(rtexit2.o)
    0x00000172   0x00000172   0x00000002   PAD
    0x00000174   0x00000174   0x00000038   Code   RO          474  * .text               startup_mkl05z4.o
    0x000001ac   0x000001ac   0x00000028   Code   RO          518    .text               c_p.l(noretval__2sprintf.o)
    0x000001d4   0x000001d4   0x0000004e   Code   RO          522    .text               c_p.l(_printf_pad.o)
    0x00000222   0x00000222   0x00000002   PAD
    0x00000224   0x00000224   0x0000006c   Code   RO          524    .text               c_p.l(_printf_dec.o)
    0x00000290   0x00000290   0x0000010e   Code   RO          534    .text               c_p.l(__printf_wp.o)
    0x0000039e   0x0000039e   0x00000006   Code   RO          554    .text               c_p.l(heapauxi.o)
    0x000003a4   0x000003a4   0x00000048   Code   RO          558    .text               fz_ps.l(dfixui.o)
    0x000003ec   0x000003ec   0x0000000a   Code   RO          573    .text               c_p.l(_sputc.o)
    0x000003f6   0x000003f6   0x00000002   PAD
    0x000003f8   0x000003f8   0x00000008   Code   RO          627    .text               c_p.l(libspace.o)
    0x00000400   0x00000400   0x00000010   Code   RO          473    .ARM.__at_0x400     startup_mkl05z4.o
    0x00000410   0x00000410   0x00000088   Code   RO          548    .text               c_p.l(strcmp.o)
    0x00000498   0x00000498   0x0000015a   Code   RO          550    .text               c_p.l(aeabi_sdiv.o)
    0x000005f2   0x000005f2   0x00000058   Code   RO          560    .text               fz_ps.l(dflti.o)
    0x0000064a   0x0000064a   0x000000b0   Code   RO          569    .text               c_p.l(_printf_intcommon.o)
    0x000006fa   0x000006fa   0x00000002   PAD
    0x000006fc   0x000006fc   0x00000030   Code   RO          571    .text               c_p.l(_printf_char_common.o)
    0x0000072c   0x0000072c   0x00000028   Code   RO          576    .text               c_p.l(rtudiv10.o)
    0x00000754   0x00000754   0x00000358   Code   RO          578    .text               fz_ps.l(daddsub.o)
    0x00000aac   0x00000aac   0x000000f0   Code   RO          584    .text               fz_ps.l(drnd.o)
    0x00000b9c   0x00000b9c   0x00000090   Code   RO          606    .text               fz_ps.l(dcmpin.o)
    0x00000c2c   0x00000c2c   0x0000003e   Code   RO          608    .text               c_p.l(sys_stackheap_outer.o)
    0x00000c6a   0x00000c6a   0x00000010   Code   RO          611    .text               c_p.l(exit.o)
    0x00000c7a   0x00000c7a   0x0000002e   Code   RO          623    .text               fz_ps.l(cmpret.o)
    0x00000ca8   0x00000ca8   0x00000014   Code   RO          625    .text               fz_ps.l(dnan2.o)
    0x00000cbc   0x00000cbc   0x0000005e   Code   RO          684    .text               fz_ps.l(retnan.o)
    0x00000d1a   0x00000d1a   0x00000002   PAD
    0x00000d1c   0x00000d1c   0x0000000c   Code   RO          686    .text               c_p.l(sys_exit.o)
    0x00000d28   0x00000d28   0x00000002   Code   RO          705    .text               c_p.l(use_no_semi.o)
    0x00000d2a   0x00000d2a   0x00000000   Code   RO          707    .text               c_p.l(indicate_semi.o)
    0x00000d2a   0x00000d2a   0x00000002   PAD
    0x00000d2c   0x00000d2c   0x00000094   Code   RO          120    i.I2C_Init          i2c.o
    0x00000dc0   0x00000dc0   0x00000040   Code   RO          121    i.I2C_Write         i2c.o
    0x00000e00   0x00000e00   0x00000014   Code   RO          205    i.LCD1602_Backlight  lcd1602.o
    0x00000e14   0x00000e14   0x00000034   Code   RO          208    i.LCD1602_CheckAddress  lcd1602.o
    0x00000e48   0x00000e48   0x00000050   Code   RO          210    i.LCD1602_Init      lcd1602.o
    0x00000e98   0x00000e98   0x0000001c   Code   RO          211    i.LCD1602_Print     lcd1602.o
    0x00000eb4   0x00000eb4   0x0000001e   Code   RO          213    i.LCD1602_SetCursor  lcd1602.o
    0x00000ed2   0x00000ed2   0x00000002   PAD
    0x00000ed4   0x00000ed4   0x00000050   Code   RO          214    i.LCD1602_Write4    lcd1602.o
    0x00000f24   0x00000f24   0x0000001c   Code   RO          215    i.LCD1602_Write8    lcd1602.o
    0x00000f40   0x00000f40   0x00000028   Code   RO          216    i.PCF8574_Write     lcd1602.o
    0x00000f68   0x00000f68   0x0000005c   Code   RO          483    i.SystemInit        system_mkl05z4.o
    0x00000fc4   0x00000fc4   0x000000e4   Code   RO          371    i.TPM0_IRQHandler   tpm_pcm.o
    0x000010a8   0x000010a8   0x000000dc   Code   RO          372    i.TPM0_Init_PCM     tpm_pcm.o
    0x00001184   0x00001184   0x00000030   Code   RO          373    i.TPM0_PCM_Play     tpm_pcm.o
    0x000011b4   0x000011b4   0x00000024   Code   RO          421    i.TSI0_IRQHandler   tsi.o
    0x000011d8   0x000011d8   0x0000008c   Code   RO          422    i.TSI_Init          tsi.o
    0x00001264   0x00001264   0x00000084   Code   RO          423    i.TSI_ReadSlider    tsi.o
    0x000012e8   0x000012e8   0x00000190   Code   RO            3    i.UART0_IRQHandler  main.o
    0x00001478   0x00001478   0x000000c4   Code   RO          345    i.UART0_Init        uart0.o
    0x0000153c   0x0000153c   0x00000078   Code   RO          374    i.__NVIC_SetPriority  tpm_pcm.o
    0x000015b4   0x000015b4   0x00000078   Code   RO          424    i.__NVIC_SetPriority  tsi.o
    0x0000162c   0x0000162c   0x0000000e   Code   RO          536    i._is_digit         c_p.l(__printf_wp.o)
    0x0000163a   0x0000163a   0x00000002   PAD
    0x0000163c   0x0000163c   0x0000004c   Code   RO            4    i.back_to_beginning  main.o
    0x00001688   0x00001688   0x00000094   Code   RO          425    i.change_electrode  tsi.o
    0x0000171c   0x0000171c   0x00000084   Code   RO            5    i.clear_all         main.o
    0x000017a0   0x000017a0   0x00000018   Code   RO            6    i.clear_command     main.o
    0x000017b8   0x000017b8   0x00000014   Code   RO          122    i.i2c_disable       i2c.o
    0x000017cc   0x000017cc   0x00000014   Code   RO          123    i.i2c_enable        i2c.o
    0x000017e0   0x000017e0   0x00000014   Code   RO          125    i.i2c_m_start       i2c.o
    0x000017f4   0x000017f4   0x00000014   Code   RO          126    i.i2c_m_stop        i2c.o
    0x00001808   0x00001808   0x0000000c   Code   RO          127    i.i2c_send          i2c.o
    0x00001814   0x00001814   0x00000014   Code   RO          128    i.i2c_tran          i2c.o
    0x00001828   0x00001828   0x00000074   Code   RO          129    i.i2c_wait          i2c.o
    0x0000189c   0x0000189c   0x00000298   Code   RO            7    i.main              main.o
    0x00001b34   0x00001b34   0x00000028   Code   RO            8    i.non_zero_samples  main.o
    0x00001b5c   0x00001b5c   0x0000002c   Code   RO            9    i.play              main.o
    0x00001b88   0x00001b88   0x0000009c   Code   RO          562    i.round             m_ps.l(round.o)
    0x00001c24   0x00001c24   0x000000fc   Code   RO          426    i.self_calibration  tsi.o
    0x00001d20   0x00001d20   0x00000030   Code   RO           10    i.stop              main.o
    0x00001d50   0x00001d50   0x00000064   Code   RO          580    x$fpl$dleqf         fz_ps.l(dlef.o)
    0x00001db4   0x00001db4   0x00000068   Code   RO          582    x$fpl$drleqf        fz_ps.l(drlef.o)
    0x00001e1c   0x00001e1c   0x00000000   Code   RO          586    x$fpl$usenofp       fz_ps.l(usenofp.o)
    0x00001e1c   0x00001e1c   0x00003e8a   Data   RO          376    .constdata          tpm_pcm.o
    0x00005ca6   0x00005ca6   0x00000002   PAD
    0x00005ca8   0x00005ca8   0x00000020   Data   RO          759    Region$$Table       anon$$obj.o


    Execution Region ER_RW (Exec base: 0x1ffffc00, Load base: 0x00005cc8, Size: 0x00000080, Max: 0xffffffff, ABSOLUTE)

    Exec Addr    Load Addr    Size         Type   Attr      Idx    E Section Name        Object

    0x1ffffc00   0x00005cc8   0x00000051   Data   RW           12    .data               main.o
    0x1ffffc51   0x00005d19   0x00000001   PAD
    0x1ffffc52   0x00005d1a   0x00000004   Data   RW          130    .data               i2c.o
    0x1ffffc56   0x00005d1e   0x00000002   Data   RW          218    .data               lcd1602.o
    0x1ffffc58   0x00005d20   0x00000011   Data   RW          377    .data               tpm_pcm.o
    0x1ffffc69   0x00005d31   0x00000001   PAD
    0x1ffffc6a   0x00005d32   0x00000014   Data   RW          427    .data               tsi.o


    Execution Region ER_ZI (Exec base: 0x1ffffc80, Load base: 0x00005d48, Size: 0x00000538, Max: 0xffffffff, ABSOLUTE)

    Exec Addr    Load Addr    Size         Type   Attr      Idx    E Section Name        Object

    0x1ffffc80        -       0x00000010   Zero   RW           11    .bss                main.o
    0x1ffffc90        -       0x000000c8   Zero   RW          375    .bss                tpm_pcm.o
    0x1ffffd58        -       0x00000060   Zero   RW          628    .bss                c_p.l(libspace.o)
    0x1ffffdb8        -       0x00000300   Zero   RW          471    HEAP                startup_mkl05z4.o
    0x200000b8        -       0x00000100   Zero   RW          470    STACK               startup_mkl05z4.o


==============================================================================

Image component sizes


      Code (inc. data)   RO Data    RW Data    ZI Data      Debug   Object Name

       440         70          0          4          0       3562   i2c.o
       358         28          0          2          0       3972   lcd1602.o
      1428        318          0         81         16      93824   main.o
        72         42        192          0       1024        820   startup_mkl05z4.o
        92         14          0          0          0        465   system_mkl05z4.o
       616        100      16010         17        200      11038   tpm_pcm.o
       828         98          0         20          0       3908   tsi.o
       196         20          0          0          0       8621   uart0.o

    ----------------------------------------------------------------------
      4032        690      16236        128       1240     126210   Object Totals
         0          0         32          0          0          0   (incl. Generated)
         2          0          2          4          0          0   (incl. Padding)

    ----------------------------------------------------------------------

      Code (inc. data)   RO Data    RW Data    ZI Data      Debug   Library Member Name

         8          0          0          0          0         68   __main.o
       284          0          0          0          0        136   __printf_wp.o
         0          0          0          0          0          0   __rtentry.o
        12          0          0          0          0          0   __rtentry2.o
         6          0          0          0          0          0   __rtentry4.o
        60          8          0          0          0          0   __scatter.o
        26          0          0          0          0          0   __scatter_copy.o
        28          0          0          0          0          0   __scatter_zi.o
        48          6          0          0          0         88   _printf_char_common.o
        10          0          0          0          0          0   _printf_d.o
       108         18          0          0          0         76   _printf_dec.o
       176          0          0          0          0         84   _printf_intcommon.o
        78          0          0          0          0        100   _printf_pad.o
         2          0          0          0          0          0   _printf_percent.o
         4          0          0          0          0          0   _printf_percent_end.o
        10          0          0          0          0         60   _sputc.o
       346          0          0          0          0         92   aeabi_sdiv.o
        16          0          0          0          0         68   exit.o
         6          0          0          0          0        136   heapauxi.o
         0          0          0          0          0          0   indicate_semi.o
         2          0          0          0          0          0   libinit.o
         2          0          0          0          0          0   libinit2.o
         2          0          0          0          0          0   libshutdown.o
         2          0          0          0          0          0   libshutdown2.o
         8          4          0          0         96         68   libspace.o
        40          4          0          0          0         84   noretval__2sprintf.o
         2          0          0          0          0          0   rtexit.o
        10          0          0          0          0          0   rtexit2.o
        40          0          0          0          0         60   rtudiv10.o
       136          4          0          0          0         72   strcmp.o
        12          4          0          0          0         60   sys_exit.o
        62          0          0          0          0         80   sys_stackheap_outer.o
         2          0          0          0          0         68   use_no_semi.o
        46          0          0          0          0         60   cmpret.o
       856         20          0          0          0        208   daddsub.o
       144          4          0          0          0         76   dcmpin.o
        72          4          0          0          0         68   dfixui.o
        88          0          0          0          0         92   dflti.o
       100          4          0          0          0         92   dlef.o
        20          6          0          0          0         68   dnan2.o
       104          4          0          0          0        104   drlef.o
       240          8          0          0          0         76   drnd.o
        94          0          0          0          0         68   retnan.o
         0          0          0          0          0          0   usenofp.o
       156         14          0          0          0         84   round.o

    ----------------------------------------------------------------------
      3484        112          0          0         96       2396   Library Totals
        16          0          0          0          0          0   (incl. Padding)

    ----------------------------------------------------------------------

      Code (inc. data)   RO Data    RW Data    ZI Data      Debug   Library Name

      1548         48          0          0         96       1400   c_p.l
      1764         50          0          0          0        912   fz_ps.l
       156         14          0          0          0         84   m_ps.l

    ----------------------------------------------------------------------
      3484        112          0          0         96       2396   Library Totals

    ----------------------------------------------------------------------

==============================================================================


      Code (inc. data)   RO Data    RW Data    ZI Data      Debug   

      7516        802      16236        128       1336     125982   Grand Totals
      7516        802      16236        128       1336     125982   ELF Image Totals
      7516        802      16236        128          0          0   ROM Totals

==============================================================================

    Total RO  Size (Code + RO Data)                23752 (  23.20kB)
    Total RW  Size (RW Data + ZI Data)              1464 (   1.43kB)
    Total ROM Size (Code + RO Data + RW Data)      23880 (  23.32kB)

==============================================================================

